Archive member included to satisfy reference by file (symbol)

c:/st/stm32cubeide_1.9.0/stm32cubeide/plugins/com.st.stm32cube.ide.mcu.externaltools.gnu-tools-for-stm32.10.3-2021.10.win32_1.0.0.202111181127/tools/bin/../lib/gcc/arm-none-eabi/10.3.1/../../../../arm-none-eabi/lib/thumb/v7e-m+fp/hard\libc_nano.a(lib_a-errno.o)
                              ./Core/Src/syscalls.o (__errno)
c:/st/stm32cubeide_1.9.0/stm32cubeide/plugins/com.st.stm32cube.ide.mcu.externaltools.gnu-tools-for-stm32.10.3-2021.10.win32_1.0.0.202111181127/tools/bin/../lib/gcc/arm-none-eabi/10.3.1/../../../../arm-none-eabi/lib/thumb/v7e-m+fp/hard\libc_nano.a(lib_a-exit.o)
                              c:/st/stm32cubeide_1.9.0/stm32cubeide/plugins/com.st.stm32cube.ide.mcu.externaltools.gnu-tools-for-stm32.10.3-2021.10.win32_1.0.0.202111181127/tools/bin/../lib/gcc/arm-none-eabi/10.3.1/../../../../arm-none-eabi/lib/thumb/v7e-m+fp/hard/crt0.o (exit)
c:/st/stm32cubeide_1.9.0/stm32cubeide/plugins/com.st.stm32cube.ide.mcu.externaltools.gnu-tools-for-stm32.10.3-2021.10.win32_1.0.0.202111181127/tools/bin/../lib/gcc/arm-none-eabi/10.3.1/../../../../arm-none-eabi/lib/thumb/v7e-m+fp/hard\libc_nano.a(lib_a-impure.o)
                              c:/st/stm32cubeide_1.9.0/stm32cubeide/plugins/com.st.stm32cube.ide.mcu.externaltools.gnu-tools-for-stm32.10.3-2021.10.win32_1.0.0.202111181127/tools/bin/../lib/gcc/arm-none-eabi/10.3.1/../../../../arm-none-eabi/lib/thumb/v7e-m+fp/hard\libc_nano.a(lib_a-exit.o) (_global_impure_ptr)
c:/st/stm32cubeide_1.9.0/stm32cubeide/plugins/com.st.stm32cube.ide.mcu.externaltools.gnu-tools-for-stm32.10.3-2021.10.win32_1.0.0.202111181127/tools/bin/../lib/gcc/arm-none-eabi/10.3.1/../../../../arm-none-eabi/lib/thumb/v7e-m+fp/hard\libc_nano.a(lib_a-init.o)
                              c:/st/stm32cubeide_1.9.0/stm32cubeide/plugins/com.st.stm32cube.ide.mcu.externaltools.gnu-tools-for-stm32.10.3-2021.10.win32_1.0.0.202111181127/tools/bin/../lib/gcc/arm-none-eabi/10.3.1/../../../../arm-none-eabi/lib/thumb/v7e-m+fp/hard/crt0.o (__libc_init_array)
c:/st/stm32cubeide_1.9.0/stm32cubeide/plugins/com.st.stm32cube.ide.mcu.externaltools.gnu-tools-for-stm32.10.3-2021.10.win32_1.0.0.202111181127/tools/bin/../lib/gcc/arm-none-eabi/10.3.1/../../../../arm-none-eabi/lib/thumb/v7e-m+fp/hard\libc_nano.a(lib_a-memset.o)
                              c:/st/stm32cubeide_1.9.0/stm32cubeide/plugins/com.st.stm32cube.ide.mcu.externaltools.gnu-tools-for-stm32.10.3-2021.10.win32_1.0.0.202111181127/tools/bin/../lib/gcc/arm-none-eabi/10.3.1/../../../../arm-none-eabi/lib/thumb/v7e-m+fp/hard/crt0.o (memset)
c:/st/stm32cubeide_1.9.0/stm32cubeide/plugins/com.st.stm32cube.ide.mcu.externaltools.gnu-tools-for-stm32.10.3-2021.10.win32_1.0.0.202111181127/tools/bin/../lib/gcc/arm-none-eabi/10.3.1/../../../../arm-none-eabi/lib/thumb/v7e-m+fp/hard\libc_nano.a(lib_a-rand.o)
                              ./Core/Src/main.o (srand)
c:/st/stm32cubeide_1.9.0/stm32cubeide/plugins/com.st.stm32cube.ide.mcu.externaltools.gnu-tools-for-stm32.10.3-2021.10.win32_1.0.0.202111181127/tools/bin/../lib/gcc/arm-none-eabi/10.3.1/../../../../arm-none-eabi/lib/thumb/v7e-m+fp/hard\libc_nano.a(lib_a-assert.o)
                              c:/st/stm32cubeide_1.9.0/stm32cubeide/plugins/com.st.stm32cube.ide.mcu.externaltools.gnu-tools-for-stm32.10.3-2021.10.win32_1.0.0.202111181127/tools/bin/../lib/gcc/arm-none-eabi/10.3.1/../../../../arm-none-eabi/lib/thumb/v7e-m+fp/hard\libc_nano.a(lib_a-rand.o) (__assert_func)
c:/st/stm32cubeide_1.9.0/stm32cubeide/plugins/com.st.stm32cube.ide.mcu.externaltools.gnu-tools-for-stm32.10.3-2021.10.win32_1.0.0.202111181127/tools/bin/../lib/gcc/arm-none-eabi/10.3.1/../../../../arm-none-eabi/lib/thumb/v7e-m+fp/hard\libc_nano.a(lib_a-fprintf.o)
                              c:/st/stm32cubeide_1.9.0/stm32cubeide/plugins/com.st.stm32cube.ide.mcu.externaltools.gnu-tools-for-stm32.10.3-2021.10.win32_1.0.0.202111181127/tools/bin/../lib/gcc/arm-none-eabi/10.3.1/../../../../arm-none-eabi/lib/thumb/v7e-m+fp/hard\libc_nano.a(lib_a-assert.o) (fiprintf)
c:/st/stm32cubeide_1.9.0/stm32cubeide/plugins/com.st.stm32cube.ide.mcu.externaltools.gnu-tools-for-stm32.10.3-2021.10.win32_1.0.0.202111181127/tools/bin/../lib/gcc/arm-none-eabi/10.3.1/../../../../arm-none-eabi/lib/thumb/v7e-m+fp/hard\libc_nano.a(lib_a-malloc.o)
                              c:/st/stm32cubeide_1.9.0/stm32cubeide/plugins/com.st.stm32cube.ide.mcu.externaltools.gnu-tools-for-stm32.10.3-2021.10.win32_1.0.0.202111181127/tools/bin/../lib/gcc/arm-none-eabi/10.3.1/../../../../arm-none-eabi/lib/thumb/v7e-m+fp/hard\libc_nano.a(lib_a-rand.o) (malloc)
c:/st/stm32cubeide_1.9.0/stm32cubeide/plugins/com.st.stm32cube.ide.mcu.externaltools.gnu-tools-for-stm32.10.3-2021.10.win32_1.0.0.202111181127/tools/bin/../lib/gcc/arm-none-eabi/10.3.1/../../../../arm-none-eabi/lib/thumb/v7e-m+fp/hard\libc_nano.a(lib_a-nano-freer.o)
[...]
Memory Configuration

Name             Origin             Length             Attributes
RAM              0x0000000020000000 0x0000000000020000 xrw
FLASH            0x0000000008000000 0x0000000000080000 xr
*default*        0x0000000000000000 0xffffffffffffffff

Linker script and memory map

LOAD c:/st/stm32cubeide_1.9.0/stm32cubeide/plugins/com.st.stm32cube.ide.mcu.externaltools.gnu-tools-for-stm32.10.3-2021.10.win32_1.0.0.202111181127/tools/bin/../lib/gcc/arm-none-eabi/10.3.1/thumb/v7e-m+fp/hard/crti.o
LOAD c:/st/stm32cubeide_1.9.0/stm32cubeide/plugins/com.st.stm32cube.ide.mcu.externaltools.gnu-tools-for-stm32.10.3-2021.10.win32_1.0.0.202111181127/tools/bin/../lib/gcc/arm-none-eabi/10.3.1/thumb/v7e-m+fp/hard/crtbegin.o
LOAD c:/st/stm32cubeide_1.9.0/stm32cubeide/plugins/com.st.stm32cube.ide.mcu.externaltools.gnu-tools-for-stm32.10.3-2021.10.win32_1.0.0.202111181127/tools/bin/../lib/gcc/arm-none-eabi/10.3.1/../../../../arm-none-eabi/lib/thumb/v7e-m+fp/hard/crt0.o
LOAD ./Core/Src/GFX_BW.o
LOAD ./Core/Src/adc.o
LOAD ./Core/Src/e_papier.o
LOAD ./Core/Src/fram.o
LOAD ./Core/Src/gpio.o
LOAD ./Core/Src/main.o
LOAD ./Core/Src/spi.o
LOAD ./Core/Src/stm32f4xx_hal_msp.o
LOAD ./Core/Src/stm32f4xx_it.o
LOAD ./Core/Src/syscalls.o
LOAD ./Core/Src/sysmem.o
LOAD ./Core/Src/system_stm32f4xx.o
LOAD ./Core/Startup/startup_stm32f411vetx.o
LOAD ./Drivers/STM32F4xx_HAL_Driver/Src/stm32f4xx_hal.o
LOAD ./Drivers/STM32F4xx_HAL_Driver/Src/stm32f4xx_hal_adc.o
LOAD ./Drivers/STM32F4xx_HAL_Driver/Src/stm32f4xx_hal_adc_ex.o
LOAD ./Drivers/STM32F4xx_HAL_Driver/Src/stm32f4xx_hal_cortex.o
LOAD ./Drivers/STM32F4xx_HAL_Driver/Src/stm32f4xx_hal_dma.o
LOAD ./Drivers/STM32F4xx_HAL_Driver/Src/stm32f4xx_hal_dma_ex.o
LOAD ./Drivers/STM32F4xx_HAL_Driver/Src/stm32f4xx_hal_exti.o
LOAD ./Drivers/STM32F4xx_HAL_Driver/Src/stm32f4xx_hal_flash.o
LOAD ./Drivers/STM32F4xx_HAL_Driver/Src/stm32f4xx_hal_flash_ex.o
LOAD ./Drivers/STM32F4xx_HAL_Driver/Src/stm32f4xx_hal_flash_ramfunc.o
LOAD ./Drivers/STM32F4xx_HAL_Driver/Src/stm32f4xx_hal_gpio.o
LOAD ./Drivers/STM32F4xx_HAL_Driver/Src/stm32f4xx_hal_pwr.o
LOAD ./Drivers/STM32F4xx_HAL_Driver/Src/stm32f4xx_hal_pwr_ex.o
LOAD ./Drivers/STM32F4xx_HAL_Driver/Src/stm32f4xx_hal_rcc.o
LOAD ./Drivers/STM32F4xx_HAL_Driver/Src/stm32f4xx_hal_rcc_ex.o
LOAD ./Drivers/STM32F4xx_HAL_Driver/Src/stm32f4xx_hal_spi.o
LOAD ./Drivers/STM32F4xx_HAL_Driver/Src/stm32f4xx_hal_tim.o
LOAD ./Drivers/STM32F4xx_HAL_Driver/Src/stm32f4xx_hal_tim_ex.o
LOAD ./Drivers/STM32F4xx_HAL_Driver/Src/stm32f4xx_ll_adc.o
START GROUP
LOAD c:/st/stm32cubeide_1.9.0/stm32cubeide/plugins/com.st.stm32cube.ide.mcu.externaltools.gnu-tools-for-stm32.10.3-2021.10.win32_1.0.0.202111181127/tools/bin/../lib/gcc/arm-none-eabi/10.3.1/../../../../arm-none-eabi/lib/thumb/v7e-m+fp/hard\libc_nano.a
LOAD c:/st/stm32cubeide_1.9.0/stm32cubeide/plugins/com.st.stm32cube.ide.mcu.externaltools.gnu-tools-for-stm32.10.3-2021.10.win32_1.0.0.202111181127/tools/bin/../lib/gcc/arm-none-eabi/10.3.1/../../../../arm-none-eabi/lib/thumb/v7e-m+fp/hard\libm.a
END GROUP
START GROUP
LOAD c:/st/stm32cubeide_1.9.0/stm32cubeide/plugins/com.st.stm32cube.ide.mcu.externaltools.gnu-tools-for-stm32.10.3-2021.10.win32_1.0.0.202111181127/tools/bin/../lib/gcc/arm-none-eabi/10.3.1/thumb/v7e-m+fp/hard\libgcc.a
LOAD c:/st/stm32cubeide_1.9.0/stm32cubeide/plugins/com.st.stm32cube.ide.mcu.externaltools.gnu-tools-for-stm32.10.3-2021.10.win32_1.0.0.202111181127/tools/bin/../lib/gcc/arm-none-eabi/10.3.1/../../../../arm-none-eabi/lib/thumb/v7e-m+fp/hard\libc_nano.a
END GROUP
START GROUP
LOAD c:/st/stm32cubeide_1.9.0/stm32cubeide/plugins/com.st.stm32cube.ide.mcu.externaltools.gnu-tools-for-stm32.10.3-2021.10.win32_1.0.0.202111181127/tools/bin/../lib/gcc/arm-none-eabi/10.3.1/thumb/v7e-m+fp/hard\libgcc.a
LOAD c:/st/stm32cubeide_1.9.0/stm32cubeide/plugins/com.st.stm32cube.ide.mcu.externaltools.gnu-tools-for-stm32.10.3-2021.10.win32_1.0.0.202111181127/tools/bin/../lib/gcc/arm-none-eabi/10.3.1/../../../../arm-none-eabi/lib/thumb/v7e-m+fp/hard\libc_nano.a
LOAD c:/st/stm32cubeide_1.9.0/stm32cubeide/plugins/com.st.stm32cube.ide.mcu.externaltools.gnu-tools-for-stm32.10.3-2021.10.win32_1.0.0.202111181127/tools/bin/../lib/gcc/arm-none-eabi/10.3.1/../../../../arm-none-eabi/lib/thumb/v7e-m+fp/hard\libnosys.a
END GROUP
START GROUP
LOAD c:/st/stm32cubeide_1.9.0/stm32cubeide/plugins/com.st.stm32cube.ide.mcu.externaltools.gnu-tools-for-stm32.10.3-2021.10.win32_1.0.0.202111181127/tools/bin/../lib/gcc/arm-none-eabi/10.3.1/thumb/v7e-m+fp/hard\libgcc.a
LOAD c:/st/stm32cubeide_1.9.0/stm32cubeide/plugins/com.st.stm32cube.ide.mcu.externaltools.gnu-tools-for-stm32.10.3-2021.10.win32_1.0.0.202111181127/tools/bin/../lib/gcc/arm-none-eabi/10.3.1/../../../../arm-none-eabi/lib/thumb/v7e-m+fp/hard\libc_nano.a
LOAD c:/st/stm32cubeide_1.9.0/stm32cubeide/plugins/com.st.stm32cube.ide.mcu.externaltools.gnu-tools-for-stm32.10.3-2021.10.win32_1.0.0.202111181127/tools/bin/../lib/gcc/arm-none-eabi/10.3.1/../../../../arm-none-eabi/lib/thumb/v7e-m+fp/hard\libnosys.a
END GROUP
LOAD c:/st/stm32cubeide_1.9.0/stm32cubeide/plugins/com.st.stm32cube.ide.mcu.externaltools.gnu-tools-for-stm32.10.3-2021.10.win32_1.0.0.202111181127/tools/bin/../lib/gcc/arm-none-eabi/10.3.1/thumb/v7e-m+fp/hard/crtend.o
LOAD c:/st/stm32cubeide_1.9.0/stm32cubeide/plugins/com.st.stm32cube.ide.mcu.externaltools.gnu-tools-for-stm32.10.3-2021.10.win32_1.0.0.202111181127/tools/bin/../lib/gcc/arm-none-eabi/10.3.1/thumb/v7e-m+fp/hard/crtn.o
                0x0000000020020000                _estack = (ORIGIN (RAM) + LENGTH (RAM))
                0x0000000000000200                _Min_Heap_Size = 0x200
                0x0000000000000400                _Min_Stack_Size = 0x400

.isr_vector     0x0000000008000000      0x198
                0x0000000008000000                . = ALIGN (0x4)
 *(.isr_vector)
 .isr_vector    0x0000000008000000      0x198 ./Core/Startup/startup_stm32f411vetx.o
                0x0000000008000000                g_pfnVectors
                0x0000000008000198                . = ALIGN (0x4)

.text           0x00000000080001a0     0x4b00
                0x00000000080001a0                . = ALIGN (0x4)
 *(.text)
 .text          0x00000000080001a0       0x40 c:/st/stm32cubeide_1.9.0/stm32cubeide/plugins/com.st.stm32cube.ide.mcu.externaltools.gnu-tools-for-stm32.10.3-2021.10.win32_1.0.0.202111181127/tools/bin/../lib/gcc/arm-none-eabi/10.3.1/thumb/v7e-m+fp/hard/crtbegin.o
 .text          0x00000000080001e0       0xa0 c:/st/stm32cubeide_1.9.0/stm32cubeide/plugins/com.st.stm32cube.ide.mcu.externaltools.gnu-tools-for-stm32.10.3-2021.10.win32_1.0.0.202111181127/tools/bin/../lib/gcc/arm-none-eabi/10.3.1/../../../../arm-none-eabi/lib/thumb/v7e-m+fp/hard\libc_nano.a(lib_a-memchr.o)
                0x00000000080001e0                memchr
 .text          0x0000000008000280       0x30 c:/st/stm32cubeide_1.9.0/stm32cubeide/plugins/com.st.stm32cube.ide.mcu.externaltools.gnu-tools-for-stm32.10.3-2021.10.win32_1.0.0.202111181127/tools/bin/../lib/gcc/arm-none-eabi/10.3.1/thumb/v7e-m+fp/hard\libgcc.a(_aeabi_uldivmod.o)
                0x0000000008000280                __aeabi_uldivmod
 .text          0x00000000080002b0      0x2d0 c:/st/stm32cubeide_1.9.0/stm32cubeide/plugins/com.st.stm32cube.ide.mcu.externaltools.gnu-tools-for-stm32.10.3-2021.10.win32_1.0.0.202111181127/tools/bin/../lib/gcc/arm-none-eabi/10.3.1/thumb/v7e-m+fp/hard\libgcc.a(_udivmoddi4.o)
                0x00000000080002b0                __udivmoddi4
 .text          0x0000000008000580        0x4 c:/st/stm32cubeide_1.9.0/stm32cubeide/plugins/com.st.stm32cube.ide.mcu.externaltools.gnu-tools-for-stm32.10.3-2021.10.win32_1.0.0.202111181127/tools/bin/../lib/gcc/arm-none-eabi/10.3.1/thumb/v7e-m+fp/hard\libgcc.a(_dvmd_tls.o)
                0x0000000008000580                __aeabi_idiv0
                0x0000000008000580                __aeabi_ldiv0
 *(.text*)
 .text.GFX_SetFont
                0x0000000008000584       0x20 ./Core/Src/GFX_BW.o
                0x0000000008000584                GFX_SetFont
 .text.GFX_WriteLine
                0x00000000080005a4      0x11e ./Core/Src/GFX_BW.o
                0x00000000080005a4                GFX_WriteLine
 .text.GFX_DrawFastVLine
                0x00000000080006c2       0x2e ./Core/Src/GFX_BW.o
                0x00000000080006c2                GFX_DrawFastVLine
 .text.GFX_DrawFastHLine
                0x00000000080006f0       0x2c ./Core/Src/GFX_BW.o
                0x00000000080006f0                GFX_DrawFastHLine
 .text.GFX_DrawLine
                0x000000000800071c       0x8c ./Core/Src/GFX_BW.o
                0x000000000800071c                GFX_DrawLine
 .text.MX_ADC1_Init
                0x00000000080007a8       0xa4 ./Core/Src/adc.o
                0x00000000080007a8                MX_ADC1_Init
 .text.HAL_ADC_MspInit
                0x000000000800084c       0x88 ./Core/Src/adc.o
                0x000000000800084c                HAL_ADC_MspInit
 .text.e_papier_reset
                0x00000000080008d4       0x3c ./Core/Src/e_papier.o
                0x00000000080008d4                e_papier_reset
 .text.e_papier_send_command
                0x0000000008000910       0x48 ./Core/Src/e_papier.o
                0x0000000008000910                e_papier_send_command
 .text.e_papier_send_data
                0x0000000008000958       0x48 ./Core/Src/e_papier.o
                0x0000000008000958                e_papier_send_data
 .text.e_papier_wait_until_idle
                0x00000000080009a0       0x24 ./Core/Src/e_papier.o
                0x00000000080009a0                e_papier_wait_until_idle
 .text.e_papier_set_pixel
                0x00000000080009c4       0xbc ./Core/Src/e_papier.o
                0x00000000080009c4                e_papier_set_pixel
 .text.e_papier_set_lut
                0x0000000008000a80       0xd8 ./Core/Src/e_papier.o
                0x0000000008000a80                e_papier_set_lut
 .text.e_papier_clear
                0x0000000008000b58       0x18 ./Core/Src/e_papier.o
                0x0000000008000b58                e_papier_clear
 .text.e_papier_turn_on_display
                0x0000000008000b70       0x12 ./Core/Src/e_papier.o
                0x0000000008000b70                e_papier_turn_on_display
 *fill*         0x0000000008000b82        0x2 
 .text.e_papier_display
                0x0000000008000b84       0x9c ./Core/Src/e_papier.o
                0x0000000008000b84                e_papier_display
 .text.e_papier_init
                0x0000000008000c20       0xc8 ./Core/Src/e_papier.o
                0x0000000008000c20                e_papier_init
 .text.fram_CsLow
                0x0000000008000ce8       0x20 ./Core/Src/fram.o
                0x0000000008000ce8                fram_CsLow
 .text.fram_CsHigh
                0x0000000008000d08       0x20 ./Core/Src/fram.o
                0x0000000008000d08                fram_CsHigh
 .text.fram_SetWELBit
                0x0000000008000d28       0x32 ./Core/Src/fram.o
                0x0000000008000d28                fram_SetWELBit
 .text.fram_SetProtectedBlocs
                0x0000000008000d5a       0x4e ./Core/Src/fram.o
                0x0000000008000d5a                fram_SetProtectedBlocs
 .text.fram_ReadSreg
                0x0000000008000da8       0x46 ./Core/Src/fram.o
                0x0000000008000da8                fram_ReadSreg
 .text.fram_Write
                0x0000000008000dee       0x64 ./Core/Src/fram.o
                0x0000000008000dee                fram_Write
 .text.fram_Read
                0x0000000008000e52       0x64 ./Core/Src/fram.o
                0x0000000008000e52                fram_Read
 .text.fram_ReadID
                0x0000000008000eb6       0x58 ./Core/Src/fram.o
                0x0000000008000eb6                fram_ReadID
 .text.fram_Init
                0x0000000008000f0e       0x82 ./Core/Src/fram.o
                0x0000000008000f0e                fram_Init
 .text.MX_GPIO_Init
                0x0000000008000f90      0x154 ./Core/Src/gpio.o
                0x0000000008000f90                MX_GPIO_Init
 .text.main     0x00000000080010e4      0x2a4 ./Core/Src/main.o
                0x00000000080010e4                main
 .text.SystemClock_Config
                0x0000000008001388       0xd0 ./Core/Src/main.o
                0x0000000008001388                SystemClock_Config
 .text.Error_Handler
                0x0000000008001458        0xa ./Core/Src/main.o
                0x0000000008001458                Error_Handler
 *fill*         0x0000000008001462        0x2 
 .text.MX_SPI2_Init
                0x0000000008001464       0x70 ./Core/Src/spi.o
                0x0000000008001464                MX_SPI2_Init
 .text.MX_SPI3_Init
                0x00000000080014d4       0x6c ./Core/Src/spi.o
                0x00000000080014d4                MX_SPI3_Init
 .text.HAL_SPI_MspInit
                0x0000000008001540      0x178 ./Core/Src/spi.o
                0x0000000008001540                HAL_SPI_MspInit
 .text.HAL_MspInit
                0x00000000080016b8       0x50 ./Core/Src/stm32f4xx_hal_msp.o
                0x00000000080016b8                HAL_MspInit
 .text.NMI_Handler
                0x0000000008001708        0x6 ./Core/Src/stm32f4xx_it.o
                0x0000000008001708                NMI_Handler
 .text.HardFault_Handler
                0x000000000800170e        0x6 ./Core/Src/stm32f4xx_it.o
                0x000000000800170e                HardFault_Handler
 .text.MemManage_Handler
                0x0000000008001714        0x6 ./Core/Src/stm32f4xx_it.o
                0x0000000008001714                MemManage_Handler
 .text.BusFault_Handler
                0x000000000800171a        0x6 ./Core/Src/stm32f4xx_it.o
                0x000000000800171a                BusFault_Handler
 .text.UsageFault_Handler
                0x0000000008001720        0x6 ./Core/Src/stm32f4xx_it.o
                0x0000000008001720                UsageFault_Handler
 .text.SVC_Handler
                0x0000000008001726        0xe ./Core/Src/stm32f4xx_it.o
                0x0000000008001726                SVC_Handler
 .text.DebugMon_Handler
                0x0000000008001734        0xe ./Core/Src/stm32f4xx_it.o
                0x0000000008001734                DebugMon_Handler
 .text.PendSV_Handler
                0x0000000008001742        0xe ./Core/Src/stm32f4xx_it.o
                0x0000000008001742                PendSV_Handler
 .text.SysTick_Handler
                0x0000000008001750        0xc ./Core/Src/stm32f4xx_it.o
                0x0000000008001750                SysTick_Handler
 .text._getpid  0x000000000800175c       0x10 ./Core/Src/syscalls.o
                0x000000000800175c                _getpid
 .text._kill    0x000000000800176c       0x20 ./Core/Src/syscalls.o
                0x000000000800176c                _kill
 .text._exit    0x000000000800178c       0x14 ./Core/Src/syscalls.o
                0x000000000800178c                _exit
 .text._read    0x00000000080017a0       0x3a ./Core/Src/syscalls.o
                0x00000000080017a0                _read
 .text._write   0x00000000080017da       0x38 ./Core/Src/syscalls.o
                0x00000000080017da                _write
 .text._close   0x0000000008001812       0x18 ./Core/Src/syscalls.o
                0x0000000008001812                _close
 .text._fstat   0x000000000800182a       0x20 ./Core/Src/syscalls.o
                0x000000000800182a                _fstat
 .text._isatty  0x000000000800184a       0x16 ./Core/Src/syscalls.o
                0x000000000800184a                _isatty
 .text._lseek   0x0000000008001860       0x1a ./Core/Src/syscalls.o
                0x0000000008001860                _lseek
 *fill*         0x000000000800187a        0x2 
 .text._sbrk    0x000000000800187c       0x6c ./Core/Src/sysmem.o
                0x000000000800187c                _sbrk
 .text.SystemInit
                0x00000000080018e8       0x24 ./Core/Src/system_stm32f4xx.o
                0x00000000080018e8                SystemInit
 .text.Reset_Handler
                0x000000000800190c       0x50 ./Core/Startup/startup_stm32f411vetx.o
                0x000000000800190c                Reset_Handler
 .text.Default_Handler
                0x000000000800195c        0x2 ./Core/Startup/startup_stm32f411vetx.o
                0x000000000800195c                RTC_Alarm_IRQHandler
                0x000000000800195c                EXTI2_IRQHandler
                0x000000000800195c                SPI4_IRQHandler
                0x000000000800195c                TIM1_CC_IRQHandler
                0x000000000800195c                DMA2_Stream5_IRQHandler
                0x000000000800195c                DMA1_Stream5_IRQHandler
                0x000000000800195c                PVD_IRQHandler
                0x000000000800195c                SDIO_IRQHandler
                0x000000000800195c                TAMP_STAMP_IRQHandler
                0x000000000800195c                EXTI3_IRQHandler
                0x000000000800195c                TIM1_UP_TIM10_IRQHandler
                0x000000000800195c                I2C3_ER_IRQHandler
                0x000000000800195c                EXTI0_IRQHandler
                0x000000000800195c                I2C2_EV_IRQHandler
                0x000000000800195c                DMA1_Stream2_IRQHandler
                0x000000000800195c                FPU_IRQHandler
                0x000000000800195c                DMA2_Stream2_IRQHandler
                0x000000000800195c                SPI1_IRQHandler
                0x000000000800195c                TIM1_BRK_TIM9_IRQHandler
                0x000000000800195c                DMA2_Stream3_IRQHandler
                0x000000000800195c                USART6_IRQHandler
                0x000000000800195c                DMA2_Stream0_IRQHandler
                0x000000000800195c                TIM4_IRQHandler
                0x000000000800195c                I2C1_EV_IRQHandler
                0x000000000800195c                DMA1_Stream6_IRQHandler
                0x000000000800195c                DMA1_Stream1_IRQHandler
                0x000000000800195c                TIM3_IRQHandler
                0x000000000800195c                RCC_IRQHandler
                0x000000000800195c                Default_Handler
                0x000000000800195c                EXTI15_10_IRQHandler
                0x000000000800195c                ADC_IRQHandler
                0x000000000800195c                DMA1_Stream7_IRQHandler
                0x000000000800195c                SPI5_IRQHandler
                0x000000000800195c                TIM5_IRQHandler
                0x000000000800195c                DMA2_Stream7_IRQHandler
                0x000000000800195c                I2C3_EV_IRQHandler
                0x000000000800195c                EXTI9_5_IRQHandler
                0x000000000800195c                RTC_WKUP_IRQHandler
                0x000000000800195c                SPI2_IRQHandler
                0x000000000800195c                DMA1_Stream0_IRQHandler
                0x000000000800195c                EXTI4_IRQHandler
                0x000000000800195c                WWDG_IRQHandler
                0x000000000800195c                TIM2_IRQHandler
                0x000000000800195c                OTG_FS_WKUP_IRQHandler
                0x000000000800195c                TIM1_TRG_COM_TIM11_IRQHandler
                0x000000000800195c                EXTI1_IRQHandler
                0x000000000800195c                USART2_IRQHandler
                0x000000000800195c                I2C2_ER_IRQHandler
                0x000000000800195c                DMA2_Stream1_IRQHandler
                0x000000000800195c                FLASH_IRQHandler
                0x000000000800195c                DMA2_Stream4_IRQHandler
                0x000000000800195c                USART1_IRQHandler
                0x000000000800195c                OTG_FS_IRQHandler
                0x000000000800195c                SPI3_IRQHandler
                0x000000000800195c                DMA1_Stream4_IRQHandler
                0x000000000800195c                I2C1_ER_IRQHandler
                0x000000000800195c                DMA2_Stream6_IRQHandler
                0x000000000800195c                DMA1_Stream3_IRQHandler
 *fill*         0x000000000800195e        0x2 
 .text.HAL_Init
                0x0000000008001960       0x44 ./Drivers/STM32F4xx_HAL_Driver/Src/stm32f4xx_hal.o
                0x0000000008001960                HAL_Init
 .text.HAL_InitTick
                0x00000000080019a4       0x60 ./Drivers/STM32F4xx_HAL_Driver/Src/stm32f4xx_hal.o
                0x00000000080019a4                HAL_InitTick
 .text.HAL_IncTick
                0x0000000008001a04       0x28 ./Drivers/STM32F4xx_HAL_Driver/Src/stm32f4xx_hal.o
                0x0000000008001a04                HAL_IncTick
 .text.HAL_GetTick
                0x0000000008001a2c       0x18 ./Drivers/STM32F4xx_HAL_Driver/Src/stm32f4xx_hal.o
                0x0000000008001a2c                HAL_GetTick
 .text.HAL_Delay
                0x0000000008001a44       0x48 ./Drivers/STM32F4xx_HAL_Driver/Src/stm32f4xx_hal.o
                0x0000000008001a44                HAL_Delay
 .text.HAL_ADC_Init
                0x0000000008001a8c       0x86 ./Drivers/STM32F4xx_HAL_Driver/Src/stm32f4xx_hal_adc.o
                0x0000000008001a8c                HAL_ADC_Init
 *fill*         0x0000000008001b12        0x2 
 .text.HAL_ADC_Start
                0x0000000008001b14      0x168 ./Drivers/STM32F4xx_HAL_Driver/Src/stm32f4xx_hal_adc.o
                0x0000000008001b14                HAL_ADC_Start
 .text.HAL_ADC_PollForConversion
                0x0000000008001c7c      0x116 ./Drivers/STM32F4xx_HAL_Driver/Src/stm32f4xx_hal_adc.o
                0x0000000008001c7c                HAL_ADC_PollForConversion
 .text.HAL_ADC_GetValue
                0x0000000008001d92       0x1a ./Drivers/STM32F4xx_HAL_Driver/Src/stm32f4xx_hal_adc.o
                0x0000000008001d92                HAL_ADC_GetValue
 .text.HAL_ADC_ConfigChannel
                0x0000000008001dac      0x264 ./Drivers/STM32F4xx_HAL_Driver/Src/stm32f4xx_hal_adc.o
                0x0000000008001dac                HAL_ADC_ConfigChannel
 .text.ADC_Init
                0x0000000008002010      0x1f8 ./Drivers/STM32F4xx_HAL_Driver/Src/stm32f4xx_hal_adc.o
 .text.__NVIC_SetPriorityGrouping
                0x0000000008002208       0x48 ./Drivers/STM32F4xx_HAL_Driver/Src/stm32f4xx_hal_cortex.o
 .text.__NVIC_GetPriorityGrouping
                0x0000000008002250       0x1c ./Drivers/STM32F4xx_HAL_Driver/Src/stm32f4xx_hal_cortex.o
 .text.__NVIC_SetPriority
                0x000000000800226c       0x54 ./Drivers/STM32F4xx_HAL_Driver/Src/stm32f4xx_hal_cortex.o
 .text.NVIC_EncodePriority
                0x00000000080022c0       0x66 ./Drivers/STM32F4xx_HAL_Driver/Src/stm32f4xx_hal_cortex.o
 *fill*         0x0000000008002326        0x2 
 .text.SysTick_Config
                0x0000000008002328       0x44 ./Drivers/STM32F4xx_HAL_Driver/Src/stm32f4xx_hal_cortex.o
 .text.HAL_NVIC_SetPriorityGrouping
                0x000000000800236c       0x16 ./Drivers/STM32F4xx_HAL_Driver/Src/stm32f4xx_hal_cortex.o
                0x000000000800236c                HAL_NVIC_SetPriorityGrouping
 .text.HAL_NVIC_SetPriority
                0x0000000008002382       0x38 ./Drivers/STM32F4xx_HAL_Driver/Src/stm32f4xx_hal_cortex.o
                0x0000000008002382                HAL_NVIC_SetPriority
 .text.HAL_SYSTICK_Config
                0x00000000080023ba       0x18 ./Drivers/STM32F4xx_HAL_Driver/Src/stm32f4xx_hal_cortex.o
                0x00000000080023ba                HAL_SYSTICK_Config
 *fill*         0x00000000080023d2        0x2 
 .text.HAL_GPIO_Init
                0x00000000080023d4      0x308 ./Drivers/STM32F4xx_HAL_Driver/Src/stm32f4xx_hal_gpio.o
                0x00000000080023d4                HAL_GPIO_Init
 .text.HAL_GPIO_ReadPin
                0x00000000080026dc       0x30 ./Drivers/STM32F4xx_HAL_Driver/Src/stm32f4xx_hal_gpio.o
                0x00000000080026dc                HAL_GPIO_ReadPin
 .text.HAL_GPIO_WritePin
                0x000000000800270c       0x32 ./Drivers/STM32F4xx_HAL_Driver/Src/stm32f4xx_hal_gpio.o
                0x000000000800270c                HAL_GPIO_WritePin
 *fill*         0x000000000800273e        0x2 
 .text.HAL_RCC_OscConfig
                0x0000000008002740      0x4f0 ./Drivers/STM32F4xx_HAL_Driver/Src/stm32f4xx_hal_rcc.o
                0x0000000008002740                HAL_RCC_OscConfig
 .text.HAL_RCC_ClockConfig
                0x0000000008002c30      0x1cc ./Drivers/STM32F4xx_HAL_Driver/Src/stm32f4xx_hal_rcc.o
                0x0000000008002c30                HAL_RCC_ClockConfig
 .text.HAL_RCC_GetSysClockFreq
                0x0000000008002dfc      0x20c ./Drivers/STM32F4xx_HAL_Driver/Src/stm32f4xx_hal_rcc.o
                0x0000000008002dfc                HAL_RCC_GetSysClockFreq
 .text.HAL_SPI_Init
                0x0000000008003008      0x112 ./Drivers/STM32F4xx_HAL_Driver/Src/stm32f4xx_hal_spi.o
                0x0000000008003008                HAL_SPI_Init
 .text.HAL_SPI_Transmit
                0x000000000800311a      0x278 ./Drivers/STM32F4xx_HAL_Driver/Src/stm32f4xx_hal_spi.o
                0x000000000800311a                HAL_SPI_Transmit
 .text.HAL_SPI_Receive
                0x0000000008003392      0x222 ./Drivers/STM32F4xx_HAL_Driver/Src/stm32f4xx_hal_spi.o
                0x0000000008003392                HAL_SPI_Receive
 .text.HAL_SPI_TransmitReceive
                0x00000000080035b4      0x344 ./Drivers/STM32F4xx_HAL_Driver/Src/stm32f4xx_hal_spi.o
                0x00000000080035b4                HAL_SPI_TransmitReceive
 .text.SPI_WaitFlagStateUntilTimeout
                0x00000000080038f8      0x110 ./Drivers/STM32F4xx_HAL_Driver/Src/stm32f4xx_hal_spi.o
 .text.SPI_EndRxTransaction
                0x0000000008003a08       0xca ./Drivers/STM32F4xx_HAL_Driver/Src/stm32f4xx_hal_spi.o
 *fill*         0x0000000008003ad2        0x2 
 .text.SPI_EndRxTxTransaction
                0x0000000008003ad4       0x84 ./Drivers/STM32F4xx_HAL_Driver/Src/stm32f4xx_hal_spi.o
 .text.__errno  0x0000000008003b58        0xc c:/st/stm32cubeide_1.9.0/stm32cubeide/plugins/com.st.stm32cube.ide.mcu.externaltools.gnu-tools-for-stm32.10.3-2021.10.win32_1.0.0.202111181127/tools/bin/../lib/gcc/arm-none-eabi/10.3.1/../../../../arm-none-eabi/lib/thumb/v7e-m+fp/hard\libc_nano.a(lib_a-errno.o)
                0x0000000008003b58                __errno
 .text.__libc_init_array
                0x0000000008003b64       0x48 c:/st/stm32cubeide_1.9.0/stm32cubeide/plugins/com.st.stm32cube.ide.mcu.externaltools.gnu-tools-for-stm32.10.3-2021.10.win32_1.0.0.202111181127/tools/bin/../lib/gcc/arm-none-eabi/10.3.1/../../../../arm-none-eabi/lib/thumb/v7e-m+fp/hard\libc_nano.a(lib_a-init.o)
                0x0000000008003b64                __libc_init_array
 .text.memset   0x0000000008003bac       0x10 c:/st/stm32cubeide_1.9.0/stm32cubeide/plugins/com.st.stm32cube.ide.mcu.externaltools.gnu-tools-for-stm32.10.3-2021.10.win32_1.0.0.202111181127/tools/bin/../lib/gcc/arm-none-eabi/10.3.1/../../../../arm-none-eabi/lib/thumb/v7e-m+fp/hard\libc_nano.a(lib_a-memset.o)
                0x0000000008003bac                memset
 .text.srand    0x0000000008003bbc       0x5c c:/st/stm32cubeide_1.9.0/stm32cubeide/plugins/com.st.stm32cube.ide.mcu.externaltools.gnu-tools-for-stm32.10.3-2021.10.win32_1.0.0.202111181127/tools/bin/../lib/gcc/arm-none-eabi/10.3.1/../../../../arm-none-eabi/lib/thumb/v7e-m+fp/hard\libc_nano.a(lib_a-rand.o)
                0x0000000008003bbc                srand
 .text.rand     0x0000000008003c18       0x7c c:/st/stm32cubeide_1.9.0/stm32cubeide/plugins/com.st.stm32cube.ide.mcu.externaltools.gnu-tools-for-stm32.10.3-2021.10.win32_1.0.0.202111181127/tools/bin/../lib/gcc/arm-none-eabi/10.3.1/../../../../arm-none-eabi/lib/thumb/v7e-m+fp/hard\libc_nano.a(lib_a-rand.o)
                0x0000000008003c18                rand
 .text.__assert_func
                0x0000000008003c94       0x3c c:/st/stm32cubeide_1.9.0/stm32cubeide/plugins/com.st.stm32cube.ide.mcu.externaltools.gnu-tools-for-stm32.10.3-2021.10.win32_1.0.0.202111181127/tools/bin/../lib/gcc/arm-none-eabi/10.3.1/../../../../arm-none-eabi/lib/thumb/v7e-m+fp/hard\libc_nano.a(lib_a-assert.o)
                0x0000000008003c94                __assert_func
 .text.fprintf  0x0000000008003cd0       0x24 c:/st/stm32cubeide_1.9.0/stm32cubeide/plugins/com.st.stm32cube.ide.mcu.externaltools.gnu-tools-for-stm32.10.3-2021.10.win32_1.0.0.202111181127/tools/bin/../lib/gcc/arm-none-eabi/10.3.1/../../../../arm-none-eabi/lib/thumb/v7e-m+fp/hard\libc_nano.a(lib_a-fprintf.o)
                0x0000000008003cd0                fiprintf
                0x0000000008003cd0                fprintf
 .text.malloc   0x0000000008003cf4       0x10 c:/st/stm32cubeide_1.9.0/stm32cubeide/plugins/com.st.stm32cube.ide.mcu.externaltools.gnu-tools-for-stm32.10.3-2021.10.win32_1.0.0.202111181127/tools/bin/../lib/gcc/arm-none-eabi/10.3.1/../../../../arm-none-eabi/lib/thumb/v7e-m+fp/hard\libc_nano.a(lib_a-malloc.o)
                0x0000000008003cf4                malloc
 .text._free_r  0x0000000008003d04       0x98 c:/st/stm32cubeide_1.9.0/stm32cubeide/plugins/com.st.stm32cube.ide.mcu.externaltools.gnu-tools-for-stm32.10.3-2021.10.win32_1.0.0.202111181127/tools/bin/../lib/gcc/arm-none-eabi/10.3.1/../../../../arm-none-eabi/lib/thumb/v7e-m+fp/hard\libc_nano.a(lib_a-nano-freer.o)
                0x0000000008003d04                _free_r
 .text.sbrk_aligned
                0x0000000008003d9c       0x40 c:/st/stm32cubeide_1.9.0/stm32cubeide/plugins/com.st.stm32cube.ide.mcu.externaltools.gnu-tools-for-stm32.10.3-2021.10.win32_1.0.0.202111181127/tools/bin/../lib/gcc/arm-none-eabi/10.3.1/../../../../arm-none-eabi/lib/thumb/v7e-m+fp/hard\libc_nano.a(lib_a-nano-mallocr.o)
 .text._malloc_r
                0x0000000008003ddc       0xe8 c:/st/stm32cubeide_1.9.0/stm32cubeide/plugins/com.st.stm32cube.ide.mcu.externaltools.gnu-tools-for-stm32.10.3-2021.10.win32_1.0.0.202111181127/tools/bin/../lib/gcc/arm-none-eabi/10.3.1/../../../../arm-none-eabi/lib/thumb/v7e-m+fp/hard\libc_nano.a(lib_a-nano-mallocr.o)
                0x0000000008003ddc                _malloc_r
 .text.__sfputc_r
                0x0000000008003ec4       0x2e c:/st/stm32cubeide_1.9.0/stm32cubeide/plugins/com.st.stm32cube.ide.mcu.externaltools.gnu-tools-for-stm32.10.3-2021.10.win32_1.0.0.202111181127/tools/bin/../lib/gcc/arm-none-eabi/10.3.1/../../../../arm-none-eabi/lib/thumb/v7e-m+fp/hard\libc_nano.a(lib_a-nano-vfprintf.o)
 .text.__sfputs_r
                0x0000000008003ef2       0x24 c:/st/stm32cubeide_1.9.0/stm32cubeide/plugins/com.st.stm32cube.ide.mcu.externaltools.gnu-tools-for-stm32.10.3-2021.10.win32_1.0.0.202111181127/tools/bin/../lib/gcc/arm-none-eabi/10.3.1/../../../../arm-none-eabi/lib/thumb/v7e-m+fp/hard\libc_nano.a(lib_a-nano-vfprintf.o)
                0x0000000008003ef2                __sfputs_r
 *fill*         0x0000000008003f16        0x2 
 .text._vfprintf_r
                0x0000000008003f18      0x260 c:/st/stm32cubeide_1.9.0/stm32cubeide/plugins/com.st.stm32cube.ide.mcu.externaltools.gnu-tools-for-stm32.10.3-2021.10.win32_1.0.0.202111181127/tools/bin/../lib/gcc/arm-none-eabi/10.3.1/../../../../arm-none-eabi/lib/thumb/v7e-m+fp/hard\libc_nano.a(lib_a-nano-vfprintf.o)
                0x0000000008003f18                _vfprintf_r
                0x0000000008003f18                _vfiprintf_r
 .text._printf_common
                0x0000000008004178       0xda c:/st/stm32cubeide_1.9.0/stm32cubeide/plugins/com.st.stm32cube.ide.mcu.externaltools.gnu-tools-for-stm32.10.3-2021.10.win32_1.0.0.202111181127/tools/bin/../lib/gcc/arm-none-eabi/10.3.1/../../../../arm-none-eabi/lib/thumb/v7e-m+fp/hard\libc_nano.a(lib_a-nano-vfprintf_i.o)
                0x0000000008004178                _printf_common
 *fill*         0x0000000008004252        0x2 
 .text._printf_i
                0x0000000008004254      0x24c c:/st/stm32cubeide_1.9.0/stm32cubeide/plugins/com.st.stm32cube.ide.mcu.externaltools.gnu-tools-for-stm32.10.3-2021.10.win32_1.0.0.202111181127/tools/bin/../lib/gcc/arm-none-eabi/10.3.1/../../../../arm-none-eabi/lib/thumb/v7e-m+fp/hard\libc_nano.a(lib_a-nano-vfprintf_i.o)
                0x0000000008004254                _printf_i
 .text._sbrk_r  0x00000000080044a0       0x20 c:/st/stm32cubeide_1.9.0/stm32cubeide/plugins/com.st.stm32cube.ide.mcu.externaltools.gnu-tools-for-stm32.10.3-2021.10.win32_1.0.0.202111181127/tools/bin/../lib/gcc/arm-none-eabi/10.3.1/../../../../arm-none-eabi/lib/thumb/v7e-m+fp/hard\libc_nano.a(lib_a-sbrkr.o)
                0x00000000080044a0                _sbrk_r
 .text.__swbuf_r
                0x00000000080044c0       0xa4 c:/st/stm32cubeide_1.9.0/stm32cubeide/plugins/com.st.stm32cube.ide.mcu.externaltools.gnu-tools-for-stm32.10.3-2021.10.win32_1.0.0.202111181127/tools/bin/../lib/gcc/arm-none-eabi/10.3.1/../../../../arm-none-eabi/lib/thumb/v7e-m+fp/hard\libc_nano.a(lib_a-wbuf.o)
                0x00000000080044c0                __swbuf_r
 .text.__swsetup_r
                0x0000000008004564       0xdc c:/st/stm32cubeide_1.9.0/stm32cubeide/plugins/com.st.stm32cube.ide.mcu.externaltools.gnu-tools-for-stm32.10.3-2021.10.win32_1.0.0.202111181127/tools/bin/../lib/gcc/arm-none-eabi/10.3.1/../../../../arm-none-eabi/lib/thumb/v7e-m+fp/hard\libc_nano.a(lib_a-wsetup.o)
                0x0000000008004564                __swsetup_r
 .text.abort    0x0000000008004640        0xe c:/st/stm32cubeide_1.9.0/stm32cubeide/plugins/com.st.stm32cube.ide.mcu.externaltools.gnu-tools-for-stm32.10.3-2021.10.win32_1.0.0.202111181127/tools/bin/../lib/gcc/arm-none-eabi/10.3.1/../../../../arm-none-eabi/lib/thumb/v7e-m+fp/hard\libc_nano.a(lib_a-abort.o)
                0x0000000008004640                abort
 *fill*         0x000000000800464e        0x2 
 .text.__sflush_r
                0x0000000008004650      0x10c c:/st/stm32cubeide_1.9.0/stm32cubeide/plugins/com.st.stm32cube.ide.mcu.externaltools.gnu-tools-for-stm32.10.3-2021.10.win32_1.0.0.202111181127/tools/bin/../lib/gcc/arm-none-eabi/10.3.1/../../../../arm-none-eabi/lib/thumb/v7e-m+fp/hard\libc_nano.a(lib_a-fflush.o)
                0x0000000008004650                __sflush_r
 .text._fflush_r
                0x000000000800475c       0x78 c:/st/stm32cubeide_1.9.0/stm32cubeide/plugins/com.st.stm32cube.ide.mcu.externaltools.gnu-tools-for-stm32.10.3-2021.10.win32_1.0.0.202111181127/tools/bin/../lib/gcc/arm-none-eabi/10.3.1/../../../../arm-none-eabi/lib/thumb/v7e-m+fp/hard\libc_nano.a(lib_a-fflush.o)
                0x000000000800475c                _fflush_r
 .text.std      0x00000000080047d4       0x48 c:/st/stm32cubeide_1.9.0/stm32cubeide/plugins/com.st.stm32cube.ide.mcu.externaltools.gnu-tools-for-stm32.10.3-2021.10.win32_1.0.0.202111181127/tools/bin/../lib/gcc/arm-none-eabi/10.3.1/../../../../arm-none-eabi/lib/thumb/v7e-m+fp/hard\libc_nano.a(lib_a-findfp.o)
 .text._cleanup_r
                0x000000000800481c        0xc c:/st/stm32cubeide_1.9.0/stm32cubeide/plugins/com.st.stm32cube.ide.mcu.externaltools.gnu-tools-for-stm32.10.3-2021.10.win32_1.0.0.202111181127/tools/bin/../lib/gcc/arm-none-eabi/10.3.1/../../../../arm-none-eabi/lib/thumb/v7e-m+fp/hard\libc_nano.a(lib_a-findfp.o)
                0x000000000800481c                _cleanup_r
 .text.__sfmoreglue
                0x0000000008004828       0x2c c:/st/stm32cubeide_1.9.0/stm32cubeide/plugins/com.st.stm32cube.ide.mcu.externaltools.gnu-tools-for-stm32.10.3-2021.10.win32_1.0.0.202111181127/tools/bin/../lib/gcc/arm-none-eabi/10.3.1/../../../../arm-none-eabi/lib/thumb/v7e-m+fp/hard\libc_nano.a(lib_a-findfp.o)
                0x0000000008004828                __sfmoreglue
 .text.__sfp_lock_acquire
                0x0000000008004854        0xc c:/st/stm32cubeide_1.9.0/stm32cubeide/plugins/com.st.stm32cube.ide.mcu.externaltools.gnu-tools-for-stm32.10.3-2021.10.win32_1.0.0.202111181127/tools/bin/../lib/gcc/arm-none-eabi/10.3.1/../../../../arm-none-eabi/lib/thumb/v7e-m+fp/hard\libc_nano.a(lib_a-findfp.o)
                0x0000000008004854                __sfp_lock_acquire
 .text.__sfp_lock_release
                0x0000000008004860        0xc c:/st/stm32cubeide_1.9.0/stm32cubeide/plugins/com.st.stm32cube.ide.mcu.externaltools.gnu-tools-for-stm32.10.3-2021.10.win32_1.0.0.202111181127/tools/bin/../lib/gcc/arm-none-eabi/10.3.1/../../../../arm-none-eabi/lib/thumb/v7e-m+fp/hard\libc_nano.a(lib_a-findfp.o)
                0x0000000008004860                __sfp_lock_release
 .text.__sinit_lock_acquire
                0x000000000800486c        0xc c:/st/stm32cubeide_1.9.0/stm32cubeide/plugins/com.st.stm32cube.ide.mcu.externaltools.gnu-tools-for-stm32.10.3-2021.10.win32_1.0.0.202111181127/tools/bin/../lib/gcc/arm-none-eabi/10.3.1/../../../../arm-none-eabi/lib/thumb/v7e-m+fp/hard\libc_nano.a(lib_a-findfp.o)
                0x000000000800486c                __sinit_lock_acquire
 .text.__sinit_lock_release
                0x0000000008004878        0xc c:/st/stm32cubeide_1.9.0/stm32cubeide/plugins/com.st.stm32cube.ide.mcu.externaltools.gnu-tools-for-stm32.10.3-2021.10.win32_1.0.0.202111181127/tools/bin/../lib/gcc/arm-none-eabi/10.3.1/../../../../arm-none-eabi/lib/thumb/v7e-m+fp/hard\libc_nano.a(lib_a-findfp.o)
                0x0000000008004878                __sinit_lock_release
 .text.__sinit  0x0000000008004884       0x70 c:/st/stm32cubeide_1.9.0/stm32cubeide/plugins/com.st.stm32cube.ide.mcu.externaltools.gnu-tools-for-stm32.10.3-2021.10.win32_1.0.0.202111181127/tools/bin/../lib/gcc/arm-none-eabi/10.3.1/../../../../arm-none-eabi/lib/thumb/v7e-m+fp/hard\libc_nano.a(lib_a-findfp.o)
                0x0000000008004884                __sinit
 .text.__sfp    0x00000000080048f4       0x8c c:/st/stm32cubeide_1.9.0/stm32cubeide/plugins/com.st.stm32cube.ide.mcu.externaltools.gnu-tools-for-stm32.10.3-2021.10.win32_1.0.0.202111181127/tools/bin/../lib/gcc/arm-none-eabi/10.3.1/../../../../arm-none-eabi/lib/thumb/v7e-m+fp/hard\libc_nano.a(lib_a-findfp.o)
                0x00000000080048f4                __sfp
 .text._fwalk_reent
                0x0000000008004980       0x3e c:/st/stm32cubeide_1.9.0/stm32cubeide/plugins/com.st.stm32cube.ide.mcu.externaltools.gnu-tools-for-stm32.10.3-2021.10.win32_1.0.0.202111181127/tools/bin/../lib/gcc/arm-none-eabi/10.3.1/../../../../arm-none-eabi/lib/thumb/v7e-m+fp/hard\libc_nano.a(lib_a-fwalk.o)
                0x0000000008004980                _fwalk_reent
 .text.__retarget_lock_init_recursive
                0x00000000080049be        0x2 c:/st/stm32cubeide_1.9.0/stm32cubeide/plugins/com.st.stm32cube.ide.mcu.externaltools.gnu-tools-for-stm32.10.3-2021.10.win32_1.0.0.202111181127/tools/bin/../lib/gcc/arm-none-eabi/10.3.1/../../../../arm-none-eabi/lib/thumb/v7e-m+fp/hard\libc_nano.a(lib_a-lock.o)
                0x00000000080049be                __retarget_lock_init_recursive
 .text.__retarget_lock_acquire_recursive
                0x00000000080049c0        0x2 c:/st/stm32cubeide_1.9.0/stm32cubeide/plugins/com.st.stm32cube.ide.mcu.externaltools.gnu-tools-for-stm32.10.3-2021.10.win32_1.0.0.202111181127/tools/bin/../lib/gcc/arm-none-eabi/10.3.1/../../../../arm-none-eabi/lib/thumb/v7e-m+fp/hard\libc_nano.a(lib_a-lock.o)
                0x00000000080049c0                __retarget_lock_acquire_recursive
 .text.__retarget_lock_release_recursive
                0x00000000080049c2        0x2 c:/st/stm32cubeide_1.9.0/stm32cubeide/plugins/com.st.stm32cube.ide.mcu.externaltools.gnu-tools-for-stm32.10.3-2021.10.win32_1.0.0.202111181127/tools/bin/../lib/gcc/arm-none-eabi/10.3.1/../../../../arm-none-eabi/lib/thumb/v7e-m+fp/hard\libc_nano.a(lib_a-lock.o)
                0x00000000080049c2                __retarget_lock_release_recursive
 .text.__swhatbuf_r
                0x00000000080049c4       0x4a c:/st/stm32cubeide_1.9.0/stm32cubeide/plugins/com.st.stm32cube.ide.mcu.externaltools.gnu-tools-for-stm32.10.3-2021.10.win32_1.0.0.202111181127/tools/bin/../lib/gcc/arm-none-eabi/10.3.1/../../../../arm-none-eabi/lib/thumb/v7e-m+fp/hard\libc_nano.a(lib_a-makebuf.o)
                0x00000000080049c4                __swhatbuf_r
 *fill*         0x0000000008004a0e        0x2 
 .text.__smakebuf_r
                0x0000000008004a10       0x80 c:/st/stm32cubeide_1.9.0/stm32cubeide/plugins/com.st.stm32cube.ide.mcu.externaltools.gnu-tools-for-stm32.10.3-2021.10.win32_1.0.0.202111181127/tools/bin/../lib/gcc/arm-none-eabi/10.3.1/../../../../arm-none-eabi/lib/thumb/v7e-m+fp/hard\libc_nano.a(lib_a-makebuf.o)
                0x0000000008004a10                __smakebuf_r
 .text.__malloc_lock
                0x0000000008004a90        0xc c:/st/stm32cubeide_1.9.0/stm32cubeide/plugins/com.st.stm32cube.ide.mcu.externaltools.gnu-tools-for-stm32.10.3-2021.10.win32_1.0.0.202111181127/tools/bin/../lib/gcc/arm-none-eabi/10.3.1/../../../../arm-none-eabi/lib/thumb/v7e-m+fp/hard\libc_nano.a(lib_a-mlock.o)
                0x0000000008004a90                __malloc_lock
 .text.__malloc_unlock
                0x0000000008004a9c        0xc c:/st/stm32cubeide_1.9.0/stm32cubeide/plugins/com.st.stm32cube.ide.mcu.externaltools.gnu-tools-for-stm32.10.3-2021.10.win32_1.0.0.202111181127/tools/bin/../lib/gcc/arm-none-eabi/10.3.1/../../../../arm-none-eabi/lib/thumb/v7e-m+fp/hard\libc_nano.a(lib_a-mlock.o)
                0x0000000008004a9c                __malloc_unlock
 .text._raise_r
                0x0000000008004aa8       0x50 c:/st/stm32cubeide_1.9.0/stm32cubeide/plugins/com.st.stm32cube.ide.mcu.externaltools.gnu-tools-for-stm32.10.3-2021.10.win32_1.0.0.202111181127/tools/bin/../lib/gcc/arm-none-eabi/10.3.1/../../../../arm-none-eabi/lib/thumb/v7e-m+fp/hard\libc_nano.a(lib_a-signal.o)
                0x0000000008004aa8                _raise_r
 .text.raise    0x0000000008004af8       0x10 c:/st/stm32cubeide_1.9.0/stm32cubeide/plugins/com.st.stm32cube.ide.mcu.externaltools.gnu-tools-for-stm32.10.3-2021.10.win32_1.0.0.202111181127/tools/bin/../lib/gcc/arm-none-eabi/10.3.1/../../../../arm-none-eabi/lib/thumb/v7e-m+fp/hard\libc_nano.a(lib_a-signal.o)
                0x0000000008004af8                raise
 .text._kill_r  0x0000000008004b08       0x24 c:/st/stm32cubeide_1.9.0/stm32cubeide/plugins/com.st.stm32cube.ide.mcu.externaltools.gnu-tools-for-stm32.10.3-2021.10.win32_1.0.0.202111181127/tools/bin/../lib/gcc/arm-none-eabi/10.3.1/../../../../arm-none-eabi/lib/thumb/v7e-m+fp/hard\libc_nano.a(lib_a-signalr.o)
                0x0000000008004b08                _kill_r
 .text._getpid_r
                0x0000000008004b2c        0x4 c:/st/stm32cubeide_1.9.0/stm32cubeide/plugins/com.st.stm32cube.ide.mcu.externaltools.gnu-tools-for-stm32.10.3-2021.10.win32_1.0.0.202111181127/tools/bin/../lib/gcc/arm-none-eabi/10.3.1/../../../../arm-none-eabi/lib/thumb/v7e-m+fp/hard\libc_nano.a(lib_a-signalr.o)
                0x0000000008004b2c                _getpid_r
 .text.__sread  0x0000000008004b30       0x22 c:/st/stm32cubeide_1.9.0/stm32cubeide/plugins/com.st.stm32cube.ide.mcu.externaltools.gnu-tools-for-stm32.10.3-2021.10.win32_1.0.0.202111181127/tools/bin/../lib/gcc/arm-none-eabi/10.3.1/../../../../arm-none-eabi/lib/thumb/v7e-m+fp/hard\libc_nano.a(lib_a-stdio.o)
                0x0000000008004b30                __sread
 .text.__swrite
                0x0000000008004b52       0x38 c:/st/stm32cubeide_1.9.0/stm32cubeide/plugins/com.st.stm32cube.ide.mcu.externaltools.gnu-tools-for-stm32.10.3-2021.10.win32_1.0.0.202111181127/tools/bin/../lib/gcc/arm-none-eabi/10.3.1/../../../../arm-none-eabi/lib/thumb/v7e-m+fp/hard\libc_nano.a(lib_a-stdio.o)
                0x0000000008004b52                __swrite
 .text.__sseek  0x0000000008004b8a       0x24 c:/st/stm32cubeide_1.9.0/stm32cubeide/plugins/com.st.stm32cube.ide.mcu.externaltools.gnu-tools-for-stm32.10.3-2021.10.win32_1.0.0.202111181127/tools/bin/../lib/gcc/arm-none-eabi/10.3.1/../../../../arm-none-eabi/lib/thumb/v7e-m+fp/hard\libc_nano.a(lib_a-stdio.o)
                0x0000000008004b8a                __sseek
 .text.__sclose
                0x0000000008004bae        0x8 c:/st/stm32cubeide_1.9.0/stm32cubeide/plugins/com.st.stm32cube.ide.mcu.externaltools.gnu-tools-for-stm32.10.3-2021.10.win32_1.0.0.202111181127/tools/bin/../lib/gcc/arm-none-eabi/10.3.1/../../../../arm-none-eabi/lib/thumb/v7e-m+fp/hard\libc_nano.a(lib_a-stdio.o)
                0x0000000008004bae                __sclose
 *fill*         0x0000000008004bb6        0x2 
 .text._write_r
                0x0000000008004bb8       0x24 c:/st/stm32cubeide_1.9.0/stm32cubeide/plugins/com.st.stm32cube.ide.mcu.externaltools.gnu-tools-for-stm32.10.3-2021.10.win32_1.0.0.202111181127/tools/bin/../lib/gcc/arm-none-eabi/10.3.1/../../../../arm-none-eabi/lib/thumb/v7e-m+fp/hard\libc_nano.a(lib_a-writer.o)
                0x0000000008004bb8                _write_r
 .text._close_r
                0x0000000008004bdc       0x20 c:/st/stm32cubeide_1.9.0/stm32cubeide/plugins/com.st.stm32cube.ide.mcu.externaltools.gnu-tools-for-stm32.10.3-2021.10.win32_1.0.0.202111181127/tools/bin/../lib/gcc/arm-none-eabi/10.3.1/../../../../arm-none-eabi/lib/thumb/v7e-m+fp/hard\libc_nano.a(lib_a-closer.o)
                0x0000000008004bdc                _close_r
 .text._fstat_r
                0x0000000008004bfc       0x24 c:/st/stm32cubeide_1.9.0/stm32cubeide/plugins/com.st.stm32cube.ide.mcu.externaltools.gnu-tools-for-stm32.10.3-2021.10.win32_1.0.0.202111181127/tools/bin/../lib/gcc/arm-none-eabi/10.3.1/../../../../arm-none-eabi/lib/thumb/v7e-m+fp/hard\libc_nano.a(lib_a-fstatr.o)
                0x0000000008004bfc                _fstat_r
 .text._isatty_r
                0x0000000008004c20       0x20 c:/st/stm32cubeide_1.9.0/stm32cubeide/plugins/com.st.stm32cube.ide.mcu.externaltools.gnu-tools-for-stm32.10.3-2021.10.win32_1.0.0.202111181127/tools/bin/../lib/gcc/arm-none-eabi/10.3.1/../../../../arm-none-eabi/lib/thumb/v7e-m+fp/hard\libc_nano.a(lib_a-isattyr.o)
                0x0000000008004c20                _isatty_r
 .text._lseek_r
                0x0000000008004c40       0x24 c:/st/stm32cubeide_1.9.0/stm32cubeide/plugins/com.st.stm32cube.ide.mcu.externaltools.gnu-tools-for-stm32.10.3-2021.10.win32_1.0.0.202111181127/tools/bin/../lib/gcc/arm-none-eabi/10.3.1/../../../../arm-none-eabi/lib/thumb/v7e-m+fp/hard\libc_nano.a(lib_a-lseekr.o)
                0x0000000008004c40                _lseek_r
 .text._read_r  0x0000000008004c64       0x24 c:/st/stm32cubeide_1.9.0/stm32cubeide/plugins/com.st.stm32cube.ide.mcu.externaltools.gnu-tools-for-stm32.10.3-2021.10.win32_1.0.0.202111181127/tools/bin/../lib/gcc/arm-none-eabi/10.3.1/../../../../arm-none-eabi/lib/thumb/v7e-m+fp/hard\libc_nano.a(lib_a-readr.o)
                0x0000000008004c64                _read_r
 *(.glue_7)
 .glue_7        0x0000000008004c88        0x0 linker stubs
 *(.glue_7t)
 .glue_7t       0x0000000008004c88        0x0 linker stubs
 *(.eh_frame)
 .eh_frame      0x0000000008004c88        0x0 c:/st/stm32cubeide_1.9.0/stm32cubeide/plugins/com.st.stm32cube.ide.mcu.externaltools.gnu-tools-for-stm32.10.3-2021.10.win32_1.0.0.202111181127/tools/bin/../lib/gcc/arm-none-eabi/10.3.1/thumb/v7e-m+fp/hard/crtbegin.o
 *(.init)
 .init          0x0000000008004c88        0x4 c:/st/stm32cubeide_1.9.0/stm32cubeide/plugins/com.st.stm32cube.ide.mcu.externaltools.gnu-tools-for-stm32.10.3-2021.10.win32_1.0.0.202111181127/tools/bin/../lib/gcc/arm-none-eabi/10.3.1/thumb/v7e-m+fp/hard/crti.o
                0x0000000008004c88                _init
 .init          0x0000000008004c8c        0x8 c:/st/stm32cubeide_1.9.0/stm32cubeide/plugins/com.st.stm32cube.ide.mcu.externaltools.gnu-tools-for-stm32.10.3-2021.10.win32_1.0.0.202111181127/tools/bin/../lib/gcc/arm-none-eabi/10.3.1/thumb/v7e-m+fp/hard/crtn.o
 *(.fini)
 .fini          0x0000000008004c94        0x4 c:/st/stm32cubeide_1.9.0/stm32cubeide/plugins/com.st.stm32cube.ide.mcu.externaltools.gnu-tools-for-stm32.10.3-2021.10.win32_1.0.0.202111181127/tools/bin/../lib/gcc/arm-none-eabi/10.3.1/thumb/v7e-m+fp/hard/crti.o
                0x0000000008004c94                _fini
 .fini          0x0000000008004c98        0x8 c:/st/stm32cubeide_1.9.0/stm32cubeide/plugins/com.st.stm32cube.ide.mcu.externaltools.gnu-tools-for-stm32.10.3-2021.10.win32_1.0.0.202111181127/tools/bin/../lib/gcc/arm-none-eabi/10.3.1/thumb/v7e-m+fp/hard/crtn.o
                0x0000000008004ca0                . = ALIGN (0x4)
                0x0000000008004ca0                _etext = .

.vfp11_veneer   0x0000000008004ca0        0x0
 .vfp11_veneer  0x0000000008004ca0        0x0 linker stubs

.v4_bx          0x0000000008004ca0        0x0
 .v4_bx         0x0000000008004ca0        0x0 linker stubs

.iplt           0x0000000008004ca0        0x0
 .iplt          0x0000000008004ca0        0x0 c:/st/stm32cubeide_1.9.0/stm32cubeide/plugins/com.st.stm32cube.ide.mcu.externaltools.gnu-tools-for-stm32.10.3-2021.10.win32_1.0.0.202111181127/tools/bin/../lib/gcc/arm-none-eabi/10.3.1/thumb/v7e-m+fp/hard/crtbegin.o

.rodata         0x0000000008004ca0      0x414
                0x0000000008004ca0                . = ALIGN (0x4)
 *(.rodata)
 *(.rodata*)
 .rodata.lut_vcom0
                0x0000000008004ca0       0x2c ./Core/Src/e_papier.o
                0x0000000008004ca0                lut_vcom0
 .rodata.lut_ww
                0x0000000008004ccc       0x2a ./Core/Src/e_papier.o
                0x0000000008004ccc                lut_ww
 *fill*         0x0000000008004cf6        0x2 
 .rodata.lut_bw
                0x0000000008004cf8       0x2a ./Core/Src/e_papier.o
                0x0000000008004cf8                lut_bw
 *fill*         0x0000000008004d22        0x2 
 .rodata.lut_wb
                0x0000000008004d24       0x2a ./Core/Src/e_papier.o
                0x0000000008004d24                lut_wb
 *fill*         0x0000000008004d4e        0x2 
 .rodata.lut_bb
                0x0000000008004d50       0x2a ./Core/Src/e_papier.o
                0x0000000008004d50                lut_bb
 *fill*         0x0000000008004d7a        0x2 
 .rodata.font_8x5
                0x0000000008004d7c      0x1dd ./Core/Src/main.o
                0x0000000008004d7c                font_8x5
 *fill*         0x0000000008004f59        0x3 
 .rodata.AHBPrescTable
                0x0000000008004f5c       0x10 ./Core/Src/system_stm32f4xx.o
                0x0000000008004f5c                AHBPrescTable
 .rodata._global_impure_ptr
                0x0000000008004f6c        0x4 c:/st/stm32cubeide_1.9.0/stm32cubeide/plugins/com.st.stm32cube.ide.mcu.externaltools.gnu-tools-for-stm32.10.3-2021.10.win32_1.0.0.202111181127/tools/bin/../lib/gcc/arm-none-eabi/10.3.1/../../../../arm-none-eabi/lib/thumb/v7e-m+fp/hard\libc_nano.a(lib_a-impure.o)
                0x0000000008004f6c                _global_impure_ptr
 .rodata.srand.str1.1
                0x0000000008004f70       0x72 c:/st/stm32cubeide_1.9.0/stm32cubeide/plugins/com.st.stm32cube.ide.mcu.externaltools.gnu-tools-for-stm32.10.3-2021.10.win32_1.0.0.202111181127/tools/bin/../lib/gcc/arm-none-eabi/10.3.1/../../../../arm-none-eabi/lib/thumb/v7e-m+fp/hard\libc_nano.a(lib_a-rand.o)
 .rodata.__assert_func.str1.1
                0x0000000008004fe2       0x3c c:/st/stm32cubeide_1.9.0/stm32cubeide/plugins/com.st.stm32cube.ide.mcu.externaltools.gnu-tools-for-stm32.10.3-2021.10.win32_1.0.0.202111181127/tools/bin/../lib/gcc/arm-none-eabi/10.3.1/../../../../arm-none-eabi/lib/thumb/v7e-m+fp/hard\libc_nano.a(lib_a-assert.o)
                                         0x3d (size before relaxing)
 .rodata._vfprintf_r.str1.1
                0x000000000800501e       0x11 c:/st/stm32cubeide_1.9.0/stm32cubeide/plugins/com.st.stm32cube.ide.mcu.externaltools.gnu-tools-for-stm32.10.3-2021.10.win32_1.0.0.202111181127/tools/bin/../lib/gcc/arm-none-eabi/10.3.1/../../../../arm-none-eabi/lib/thumb/v7e-m+fp/hard\libc_nano.a(lib_a-nano-vfprintf.o)
 .rodata._printf_i.str1.1
                0x000000000800502f       0x22 c:/st/stm32cubeide_1.9.0/stm32cubeide/plugins/com.st.stm32cube.ide.mcu.externaltools.gnu-tools-for-stm32.10.3-2021.10.win32_1.0.0.202111181127/tools/bin/../lib/gcc/arm-none-eabi/10.3.1/../../../../arm-none-eabi/lib/thumb/v7e-m+fp/hard\libc_nano.a(lib_a-nano-vfprintf_i.o)
 *fill*         0x0000000008005051        0x3 
 .rodata.__sf_fake_stderr
                0x0000000008005054       0x20 c:/st/stm32cubeide_1.9.0/stm32cubeide/plugins/com.st.stm32cube.ide.mcu.externaltools.gnu-tools-for-stm32.10.3-2021.10.win32_1.0.0.202111181127/tools/bin/../lib/gcc/arm-none-eabi/10.3.1/../../../../arm-none-eabi/lib/thumb/v7e-m+fp/hard\libc_nano.a(lib_a-findfp.o)
                0x0000000008005054                __sf_fake_stderr
 .rodata.__sf_fake_stdin
                0x0000000008005074       0x20 c:/st/stm32cubeide_1.9.0/stm32cubeide/plugins/com.st.stm32cube.ide.mcu.externaltools.gnu-tools-for-stm32.10.3-2021.10.win32_1.0.0.202111181127/tools/bin/../lib/gcc/arm-none-eabi/10.3.1/../../../../arm-none-eabi/lib/thumb/v7e-m+fp/hard\libc_nano.a(lib_a-findfp.o)
                0x0000000008005074                __sf_fake_stdin
 .rodata.__sf_fake_stdout
                0x0000000008005094       0x20 c:/st/stm32cubeide_1.9.0/stm32cubeide/plugins/com.st.stm32cube.ide.mcu.externaltools.gnu-tools-for-stm32.10.3-2021.10.win32_1.0.0.202111181127/tools/bin/../lib/gcc/arm-none-eabi/10.3.1/../../../../arm-none-eabi/lib/thumb/v7e-m+fp/hard\libc_nano.a(lib_a-findfp.o)
                0x0000000008005094                __sf_fake_stdout
                0x00000000080050b4                . = ALIGN (0x4)

.ARM.extab      0x00000000080050b4        0x0
                0x00000000080050b4                . = ALIGN (0x4)
 *(.ARM.extab* .gnu.linkonce.armextab.*)
                0x00000000080050b4                . = ALIGN (0x4)

.ARM            0x00000000080050b4        0x8
                0x00000000080050b4                . = ALIGN (0x4)
                0x00000000080050b4                __exidx_start = .
 *(.ARM.exidx*)
 .ARM.exidx     0x00000000080050b4        0x8 c:/st/stm32cubeide_1.9.0/stm32cubeide/plugins/com.st.stm32cube.ide.mcu.externaltools.gnu-tools-for-stm32.10.3-2021.10.win32_1.0.0.202111181127/tools/bin/../lib/gcc/arm-none-eabi/10.3.1/thumb/v7e-m+fp/hard\libgcc.a(_udivmoddi4.o)
                0x00000000080050bc                __exidx_end = .
                0x00000000080050bc                . = ALIGN (0x4)

.rel.dyn        0x00000000080050bc        0x0
 .rel.iplt      0x00000000080050bc        0x0 c:/st/stm32cubeide_1.9.0/stm32cubeide/plugins/com.st.stm32cube.ide.mcu.externaltools.gnu-tools-for-stm32.10.3-2021.10.win32_1.0.0.202111181127/tools/bin/../lib/gcc/arm-none-eabi/10.3.1/thumb/v7e-m+fp/hard/crtbegin.o

.preinit_array  0x00000000080050bc        0x0
                0x00000000080050bc                . = ALIGN (0x4)
                0x00000000080050bc                PROVIDE (__preinit_array_start = .)
 *(.preinit_array*)
                0x00000000080050bc                PROVIDE (__preinit_array_end = .)
                0x00000000080050bc                . = ALIGN (0x4)

.init_array     0x00000000080050bc        0x4
                0x00000000080050bc                . = ALIGN (0x4)
                0x00000000080050bc                PROVIDE (__init_array_start = .)
 *(SORT_BY_NAME(.init_array.*))
 *(.init_array*)
 .init_array    0x00000000080050bc        0x4 c:/st/stm32cubeide_1.9.0/stm32cubeide/plugins/com.st.stm32cube.ide.mcu.externaltools.gnu-tools-for-stm32.10.3-2021.10.win32_1.0.0.202111181127/tools/bin/../lib/gcc/arm-none-eabi/10.3.1/thumb/v7e-m+fp/hard/crtbegin.o
                0x00000000080050c0                PROVIDE (__init_array_end = .)
                0x00000000080050c0                . = ALIGN (0x4)

.fini_array     0x00000000080050c0        0x4
                0x00000000080050c0                . = ALIGN (0x4)
                [!provide]                        PROVIDE (__fini_array_start = .)
 *(SORT_BY_NAME(.fini_array.*))
 *(.fini_array*)
 .fini_array    0x00000000080050c0        0x4 c:/st/stm32cubeide_1.9.0/stm32cubeide/plugins/com.st.stm32cube.ide.mcu.externaltools.gnu-tools-for-stm32.10.3-2021.10.win32_1.0.0.202111181127/tools/bin/../lib/gcc/arm-none-eabi/10.3.1/thumb/v7e-m+fp/hard/crtbegin.o
                [!provide]                        PROVIDE (__fini_array_end = .)
                0x00000000080050c4                . = ALIGN (0x4)
                0x00000000080050c4                _sidata = LOADADDR (.data)

.data           0x0000000020000000       0x70 load address 0x00000000080050c4
                0x0000000020000000                . = ALIGN (0x4)
                0x0000000020000000                _sdata = .
 *(.data)
 *(.data*)
 .data.SystemCoreClock
                0x0000000020000000        0x4 ./Core/Src/system_stm32f4xx.o
                0x0000000020000000                SystemCoreClock
 .data.uwTickPrio
                0x0000000020000004        0x4 ./Drivers/STM32F4xx_HAL_Driver/Src/stm32f4xx_hal.o
                0x0000000020000004                uwTickPrio
 .data.uwTickFreq
                0x0000000020000008        0x1 ./Drivers/STM32F4xx_HAL_Driver/Src/stm32f4xx_hal.o
                0x0000000020000008                uwTickFreq
 *fill*         0x0000000020000009        0x3 
 .data._impure_ptr
                0x000000002000000c        0x4 c:/st/stm32cubeide_1.9.0/stm32cubeide/plugins/com.st.stm32cube.ide.mcu.externaltools.gnu-tools-for-stm32.10.3-2021.10.win32_1.0.0.202111181127/tools/bin/../lib/gcc/arm-none-eabi/10.3.1/../../../../arm-none-eabi/lib/thumb/v7e-m+fp/hard\libc_nano.a(lib_a-impure.o)
                0x000000002000000c                _impure_ptr
 .data.impure_data
                0x0000000020000010       0x60 c:/st/stm32cubeide_1.9.0/stm32cubeide/plugins/com.st.stm32cube.ide.mcu.externaltools.gnu-tools-for-stm32.10.3-2021.10.win32_1.0.0.202111181127/tools/bin/../lib/gcc/arm-none-eabi/10.3.1/../../../../arm-none-eabi/lib/thumb/v7e-m+fp/hard\libc_nano.a(lib_a-impure.o)
 *(.RamFunc)
 *(.RamFunc*)
                0x0000000020000070                . = ALIGN (0x4)
                0x0000000020000070                _edata = .

.igot.plt       0x0000000020000070        0x0 load address 0x0000000008005134
 .igot.plt      0x0000000020000070        0x0 c:/st/stm32cubeide_1.9.0/stm32cubeide/plugins/com.st.stm32cube.ide.mcu.externaltools.gnu-tools-for-stm32.10.3-2021.10.win32_1.0.0.202111181127/tools/bin/../lib/gcc/arm-none-eabi/10.3.1/thumb/v7e-m+fp/hard/crtbegin.o
                0x0000000020000070                . = ALIGN (0x4)

.bss            0x0000000020000070     0x3be8 load address 0x0000000008005134
                0x0000000020000070                _sbss = .
                0x0000000020000070                __bss_start__ = _sbss
 *(.bss)
 .bss           0x0000000020000070       0x1c c:/st/stm32cubeide_1.9.0/stm32cubeide/plugins/com.st.stm32cube.ide.mcu.externaltools.gnu-tools-for-stm32.10.3-2021.10.win32_1.0.0.202111181127/tools/bin/../lib/gcc/arm-none-eabi/10.3.1/thumb/v7e-m+fp/hard/crtbegin.o
 *(.bss*)
 .bss.font      0x000000002000008c        0x4 ./Core/Src/GFX_BW.o
                0x000000002000008c                font
 .bss.hadc1     0x0000000020000090       0x48 ./Core/Src/adc.o
                0x0000000020000090                hadc1
 .bss.e_papier_spi
                0x00000000200000d8        0x4 ./Core/Src/e_papier.o
                0x00000000200000d8                e_papier_spi
 .bss.buffer    0x00000000200000dc     0x3a98 ./Core/Src/e_papier.o
                0x00000000200000dc                buffer
 .bss.fram1     0x0000000020003b74       0x1c ./Core/Src/main.o
                0x0000000020003b74                fram1
 .bss.hspi2     0x0000000020003b90       0x58 ./Core/Src/spi.o
                0x0000000020003b90                hspi2
 .bss.hspi3     0x0000000020003be8       0x58 ./Core/Src/spi.o
                0x0000000020003be8                hspi3
 .bss.__sbrk_heap_end
                0x0000000020003c40        0x4 ./Core/Src/sysmem.o
 .bss.uwTick    0x0000000020003c44        0x4 ./Drivers/STM32F4xx_HAL_Driver/Src/stm32f4xx_hal.o
                0x0000000020003c44                uwTick
 .bss.__malloc_free_list
                0x0000000020003c48        0x4 c:/st/stm32cubeide_1.9.0/stm32cubeide/plugins/com.st.stm32cube.ide.mcu.externaltools.gnu-tools-for-stm32.10.3-2021.10.win32_1.0.0.202111181127/tools/bin/../lib/gcc/arm-none-eabi/10.3.1/../../../../arm-none-eabi/lib/thumb/v7e-m+fp/hard\libc_nano.a(lib_a-nano-mallocr.o)
                0x0000000020003c48                __malloc_free_list
 .bss.__malloc_sbrk_start
                0x0000000020003c4c        0x4 c:/st/stm32cubeide_1.9.0/stm32cubeide/plugins/com.st.stm32cube.ide.mcu.externaltools.gnu-tools-for-stm32.10.3-2021.10.win32_1.0.0.202111181127/tools/bin/../lib/gcc/arm-none-eabi/10.3.1/../../../../arm-none-eabi/lib/thumb/v7e-m+fp/hard\libc_nano.a(lib_a-nano-mallocr.o)
                0x0000000020003c4c                __malloc_sbrk_start
 .bss.__lock___malloc_recursive_mutex
                0x0000000020003c50        0x1 c:/st/stm32cubeide_1.9.0/stm32cubeide/plugins/com.st.stm32cube.ide.mcu.externaltools.gnu-tools-for-stm32.10.3-2021.10.win32_1.0.0.202111181127/tools/bin/../lib/gcc/arm-none-eabi/10.3.1/../../../../arm-none-eabi/lib/thumb/v7e-m+fp/hard\libc_nano.a(lib_a-lock.o)
                0x0000000020003c50                __lock___malloc_recursive_mutex
 .bss.__lock___sfp_recursive_mutex
                0x0000000020003c51        0x1 c:/st/stm32cubeide_1.9.0/stm32cubeide/plugins/com.st.stm32cube.ide.mcu.externaltools.gnu-tools-for-stm32.10.3-2021.10.win32_1.0.0.202111181127/tools/bin/../lib/gcc/arm-none-eabi/10.3.1/../../../../arm-none-eabi/lib/thumb/v7e-m+fp/hard\libc_nano.a(lib_a-lock.o)
                0x0000000020003c51                __lock___sfp_recursive_mutex
 .bss.__lock___sinit_recursive_mutex
                0x0000000020003c52        0x1 c:/st/stm32cubeide_1.9.0/stm32cubeide/plugins/com.st.stm32cube.ide.mcu.externaltools.gnu-tools-for-stm32.10.3-2021.10.win32_1.0.0.202111181127/tools/bin/../lib/gcc/arm-none-eabi/10.3.1/../../../../arm-none-eabi/lib/thumb/v7e-m+fp/hard\libc_nano.a(lib_a-lock.o)
                0x0000000020003c52                __lock___sinit_recursive_mutex
 *fill*         0x0000000020003c53        0x1 
 .bss.errno     0x0000000020003c54        0x4 c:/st/stm32cubeide_1.9.0/stm32cubeide/plugins/com.st.stm32cube.ide.mcu.externaltools.gnu-tools-for-stm32.10.3-2021.10.win32_1.0.0.202111181127/tools/bin/../lib/gcc/arm-none-eabi/10.3.1/../../../../arm-none-eabi/lib/thumb/v7e-m+fp/hard\libc_nano.a(lib_a-reent.o)
                0x0000000020003c54                errno
 *(COMMON)
                0x0000000020003c58                . = ALIGN (0x4)
                0x0000000020003c58                _ebss = .
                0x0000000020003c58                __bss_end__ = _ebss

._user_heap_stack
                0x0000000020003c58      0x600 load address 0x0000000008005134
                0x0000000020003c58                . = ALIGN (0x8)
                [!provide]                        PROVIDE (end = .)
                0x0000000020003c58                PROVIDE (_end = .)
                0x0000000020003e58                . = (. + _Min_Heap_Size)
 *fill*         0x0000000020003c58      0x200 
                0x0000000020004258                . = (. + _Min_Stack_Size)
 *fill*         0x0000000020003e58      0x400 
                0x0000000020004258                . = ALIGN (0x8)

/DISCARD/
 libc.a(*)
 libm.a(*)
 libgcc.a(*)

.ARM.attributes
                0x0000000000000000       0x30
 *(.ARM.attributes)
 .ARM.attributes
                0x0000000000000000       0x1e c:/st/stm32cubeide_1.9.0/stm32cubeide/plugins/com.st.stm32cube.ide.mcu.externaltools.gnu-tools-for-stm32.10.3-2021.10.win32_1.0.0.202111181127/tools/bin/../lib/gcc/arm-none-eabi/10.3.1/thumb/v7e-m+fp/hard/crti.o
 .ARM.attributes
                0x000000000000001e       0x34 c:/st/stm32cubeide_1.9.0/stm32cubeide/plugins/com.st.stm32cube.ide.mcu.externaltools.gnu-tools-for-stm32.10.3-2021.10.win32_1.0.0.202111181127/tools/bin/../lib/gcc/arm-none-eabi/10.3.1/thumb/v7e-m+fp/hard/crtbegin.o
 .ARM.attributes
                0x0000000000000052       0x34 ./Core/Src/GFX_BW.o
 .ARM.attributes
                0x0000000000000086       0x34 ./Core/Src/adc.o
 .ARM.attributes
                0x00000000000000ba       0x34 ./Core/Src/e_papier.o
 .ARM.attributes
                0x00000000000000ee       0x34 ./Core/Src/fram.o
 .ARM.attributes
                0x0000000000000122       0x34 ./Core/Src/gpio.o
 .ARM.attributes
                0x0000000000000156       0x34 ./Core/Src/main.o
 .ARM.attributes
                0x000000000000018a       0x34 ./Core/Src/spi.o
 .ARM.attributes
                0x00000000000001be       0x34 ./Core/Src/stm32f4xx_hal_msp.o
 .ARM.attributes
                0x00000000000001f2       0x34 ./Core/Src/stm32f4xx_it.o
 .ARM.attributes
                0x0000000000000226       0x34 ./Core/Src/syscalls.o
 .ARM.attributes
                0x000000000000025a       0x34 ./Core/Src/sysmem.o
 .ARM.attributes
                0x000000000000028e       0x34 ./Core/Src/system_stm32f4xx.o
 .ARM.attributes
                0x00000000000002c2       0x21 ./Core/Startup/startup_stm32f411vetx.o
 .ARM.attributes
                0x00000000000002e3       0x34 ./Drivers/STM32F4xx_HAL_Driver/Src/stm32f4xx_hal.o
 .ARM.attributes
                0x0000000000000317       0x34 ./Drivers/STM32F4xx_HAL_Driver/Src/stm32f4xx_hal_adc.o
 .ARM.attributes
                0x000000000000034b       0x34 ./Drivers/STM32F4xx_HAL_Driver/Src/stm32f4xx_hal_cortex.o
 .ARM.attributes
                0x000000000000037f       0x34 ./Drivers/STM32F4xx_HAL_Driver/Src/stm32f4xx_hal_gpio.o
 .ARM.attributes
                0x00000000000003b3       0x34 ./Drivers/STM32F4xx_HAL_Driver/Src/stm32f4xx_hal_rcc.o
 .ARM.attributes
                0x00000000000003e7       0x34 ./Drivers/STM32F4xx_HAL_Driver/Src/stm32f4xx_hal_spi.o
 .ARM.attributes
                0x000000000000041b       0x34 c:/st/stm32cubeide_1.9.0/stm32cubeide/plugins/com.st.stm32cube.ide.mcu.externaltools.gnu-tools-for-stm32.10.3-2021.10.win32_1.0.0.202111181127/tools/bin/../lib/gcc/arm-none-eabi/10.3.1/../../../../arm-none-eabi/lib/thumb/v7e-m+fp/hard\libc_nano.a(lib_a-errno.o)
 .ARM.attributes
                0x000000000000044f       0x34 c:/st/stm32cubeide_1.9.0/stm32cubeide/plugins/com.st.stm32cube.ide.mcu.externaltools.gnu-tools-for-stm32.10.3-2021.10.win32_1.0.0.202111181127/tools/bin/../lib/gcc/arm-none-eabi/10.3.1/../../../../arm-none-eabi/lib/thumb/v7e-m+fp/hard\libc_nano.a(lib_a-impure.o)
 .ARM.attributes
                0x0000000000000483       0x34 c:/st/stm32cubeide_1.9.0/stm32cubeide/plugins/com.st.stm32cube.ide.mcu.externaltools.gnu-tools-for-stm32.10.3-2021.10.win32_1.0.0.202111181127/tools/bin/../lib/gcc/arm-none-eabi/10.3.1/../../../../arm-none-eabi/lib/thumb/v7e-m+fp/hard\libc_nano.a(lib_a-init.o)
 .ARM.attributes
                0x00000000000004b7       0x34 c:/st/stm32cubeide_1.9.0/stm32cubeide/plugins/com.st.stm32cube.ide.mcu.externaltools.gnu-tools-for-stm32.10.3-2021.10.win32_1.0.0.202111181127/tools/bin/../lib/gcc/arm-none-eabi/10.3.1/../../../../arm-none-eabi/lib/thumb/v7e-m+fp/hard\libc_nano.a(lib_a-memset.o)
 .ARM.attributes
                0x00000000000004eb       0x34 c:/st/stm32cubeide_1.9.0/stm32cubeide/plugins/com.st.stm32cube.ide.mcu.externaltools.gnu-tools-for-stm32.10.3-2021.10.win32_1.0.0.202111181127/tools/bin/../lib/gcc/arm-none-eabi/10.3.1/../../../../arm-none-eabi/lib/thumb/v7e-m+fp/hard\libc_nano.a(lib_a-rand.o)
 .ARM.attributes
                0x000000000000051f       0x34 c:/st/stm32cubeide_1.9.0/stm32cubeide/plugins/com.st.stm32cube.ide.mcu.externaltools.gnu-tools-for-stm32.10.3-2021.10.win32_1.0.0.202111181127/tools/bin/../lib/gcc/arm-none-eabi/10.3.1/../../../../arm-none-eabi/lib/thumb/v7e-m+fp/hard\libc_nano.a(lib_a-assert.o)
 .ARM.attributes
                0x0000000000000553       0x34 c:/st/stm32cubeide_1.9.0/stm32cubeide/plugins/com.st.stm32cube.ide.mcu.externaltools.gnu-tools-for-stm32.10.3-2021.10.win32_1.0.0.202111181127/tools/bin/../lib/gcc/arm-none-eabi/10.3.1/../../../../arm-none-eabi/lib/thumb/v7e-m+fp/hard\libc_nano.a(lib_a-fprintf.o)
 .ARM.attributes
                0x0000000000000587       0x34 c:/st/stm32cubeide_1.9.0/stm32cubeide/plugins/com.st.stm32cube.ide.mcu.externaltools.gnu-tools-for-stm32.10.3-2021.10.win32_1.0.0.202111181127/tools/bin/../lib/gcc/arm-none-eabi/10.3.1/../../../../arm-none-eabi/lib/thumb/v7e-m+fp/hard\libc_nano.a(lib_a-malloc.o)
 .ARM.attributes
                0x00000000000005bb       0x34 c:/st/stm32cubeide_1.9.0/stm32cubeide/plugins/com.st.stm32cube.ide.mcu.externaltools.gnu-tools-for-stm32.10.3-2021.10.win32_1.0.0.202111181127/tools/bin/../lib/gcc/arm-none-eabi/10.3.1/../../../../arm-none-eabi/lib/thumb/v7e-m+fp/hard\libc_nano.a(lib_a-nano-freer.o)
 .ARM.attributes
                0x00000000000005ef       0x34 c:/st/stm32cubeide_1.9.0/stm32cubeide/plugins/com.st.stm32cube.ide.mcu.externaltools.gnu-tools-for-stm32.10.3-2021.10.win32_1.0.0.202111181127/tools/bin/../lib/gcc/arm-none-eabi/10.3.1/../../../../arm-none-eabi/lib/thumb/v7e-m+fp/hard\libc_nano.a(lib_a-nano-mallocr.o)
 .ARM.attributes
                0x0000000000000623       0x34 c:/st/stm32cubeide_1.9.0/stm32cubeide/plugins/com.st.stm32cube.ide.mcu.externaltools.gnu-tools-for-stm32.10.3-2021.10.win32_1.0.0.202111181127/tools/bin/../lib/gcc/arm-none-eabi/10.3.1/../../../../arm-none-eabi/lib/thumb/v7e-m+fp/hard\libc_nano.a(lib_a-nano-vfprintf.o)
 .ARM.attributes
                0x0000000000000657       0x34 c:/st/stm32cubeide_1.9.0/stm32cubeide/plugins/com.st.stm32cube.ide.mcu.externaltools.gnu-tools-for-stm32.10.3-2021.10.win32_1.0.0.202111181127/tools/bin/../lib/gcc/arm-none-eabi/10.3.1/../../../../arm-none-eabi/lib/thumb/v7e-m+fp/hard\libc_nano.a(lib_a-nano-vfprintf_i.o)
 .ARM.attributes
                0x000000000000068b       0x34 c:/st/stm32cubeide_1.9.0/stm32cubeide/plugins/com.st.stm32cube.ide.mcu.externaltools.gnu-tools-for-stm32.10.3-2021.10.win32_1.0.0.202111181127/tools/bin/../lib/gcc/arm-none-eabi/10.3.1/../../../../arm-none-eabi/lib/thumb/v7e-m+fp/hard\libc_nano.a(lib_a-sbrkr.o)
 .ARM.attributes
                0x00000000000006bf       0x34 c:/st/stm32cubeide_1.9.0/stm32cubeide/plugins/com.st.stm32cube.ide.mcu.externaltools.gnu-tools-for-stm32.10.3-2021.10.win32_1.0.0.202111181127/tools/bin/../lib/gcc/arm-none-eabi/10.3.1/../../../../arm-none-eabi/lib/thumb/v7e-m+fp/hard\libc_nano.a(lib_a-wbuf.o)
 .ARM.attributes
                0x00000000000006f3       0x34 c:/st/stm32cubeide_1.9.0/stm32cubeide/plugins/com.st.stm32cube.ide.mcu.externaltools.gnu-tools-for-stm32.10.3-2021.10.win32_1.0.0.202111181127/tools/bin/../lib/gcc/arm-none-eabi/10.3.1/../../../../arm-none-eabi/lib/thumb/v7e-m+fp/hard\libc_nano.a(lib_a-wsetup.o)
 .ARM.attributes
                0x0000000000000727       0x34 c:/st/stm32cubeide_1.9.0/stm32cubeide/plugins/com.st.stm32cube.ide.mcu.externaltools.gnu-tools-for-stm32.10.3-2021.10.win32_1.0.0.202111181127/tools/bin/../lib/gcc/arm-none-eabi/10.3.1/../../../../arm-none-eabi/lib/thumb/v7e-m+fp/hard\libc_nano.a(lib_a-abort.o)
 .ARM.attributes
                0x000000000000075b       0x34 c:/st/stm32cubeide_1.9.0/stm32cubeide/plugins/com.st.stm32cube.ide.mcu.externaltools.gnu-tools-for-stm32.10.3-2021.10.win32_1.0.0.202111181127/tools/bin/../lib/gcc/arm-none-eabi/10.3.1/../../../../arm-none-eabi/lib/thumb/v7e-m+fp/hard\libc_nano.a(lib_a-fflush.o)
 .ARM.attributes
                0x000000000000078f       0x34 c:/st/stm32cubeide_1.9.0/stm32cubeide/plugins/com.st.stm32cube.ide.mcu.externaltools.gnu-tools-for-stm32.10.3-2021.10.win32_1.0.0.202111181127/tools/bin/../lib/gcc/arm-none-eabi/10.3.1/../../../../arm-none-eabi/lib/thumb/v7e-m+fp/hard\libc_nano.a(lib_a-findfp.o)
 .ARM.attributes
                0x00000000000007c3       0x34 c:/st/stm32cubeide_1.9.0/stm32cubeide/plugins/com.st.stm32cube.ide.mcu.externaltools.gnu-tools-for-stm32.10.3-2021.10.win32_1.0.0.202111181127/tools/bin/../lib/gcc/arm-none-eabi/10.3.1/../../../../arm-none-eabi/lib/thumb/v7e-m+fp/hard\libc_nano.a(lib_a-fwalk.o)
 .ARM.attributes
                0x00000000000007f7       0x34 c:/st/stm32cubeide_1.9.0/stm32cubeide/plugins/com.st.stm32cube.ide.mcu.externaltools.gnu-tools-for-stm32.10.3-2021.10.win32_1.0.0.202111181127/tools/bin/../lib/gcc/arm-none-eabi/10.3.1/../../../../arm-none-eabi/lib/thumb/v7e-m+fp/hard\libc_nano.a(lib_a-lock.o)
 .ARM.attributes
                0x000000000000082b       0x34 c:/st/stm32cubeide_1.9.0/stm32cubeide/plugins/com.st.stm32cube.ide.mcu.externaltools.gnu-tools-for-stm32.10.3-2021.10.win32_1.0.0.202111181127/tools/bin/../lib/gcc/arm-none-eabi/10.3.1/../../../../arm-none-eabi/lib/thumb/v7e-m+fp/hard\libc_nano.a(lib_a-makebuf.o)
 .ARM.attributes
                0x000000000000085f       0x1c c:/st/stm32cubeide_1.9.0/stm32cubeide/plugins/com.st.stm32cube.ide.mcu.externaltools.gnu-tools-for-stm32.10.3-2021.10.win32_1.0.0.202111181127/tools/bin/../lib/gcc/arm-none-eabi/10.3.1/../../../../arm-none-eabi/lib/thumb/v7e-m+fp/hard\libc_nano.a(lib_a-memchr.o)
 .ARM.attributes
                0x000000000000087b       0x34 c:/st/stm32cubeide_1.9.0/stm32cubeide/plugins/com.st.stm32cube.ide.mcu.externaltools.gnu-tools-for-stm32.10.3-2021.10.win32_1.0.0.202111181127/tools/bin/../lib/gcc/arm-none-eabi/10.3.1/../../../../arm-none-eabi/lib/thumb/v7e-m+fp/hard\libc_nano.a(lib_a-mlock.o)
 .ARM.attributes
                0x00000000000008af       0x34 c:/st/stm32cubeide_1.9.0/stm32cubeide/plugins/com.st.stm32cube.ide.mcu.externaltools.gnu-tools-for-stm32.10.3-2021.10.win32_1.0.0.202111181127/tools/bin/../lib/gcc/arm-none-eabi/10.3.1/../../../../arm-none-eabi/lib/thumb/v7e-m+fp/hard\libc_nano.a(lib_a-reent.o)
 .ARM.attributes
                0x00000000000008e3       0x34 c:/st/stm32cubeide_1.9.0/stm32cubeide/plugins/com.st.stm32cube.ide.mcu.externaltools.gnu-tools-for-stm32.10.3-2021.10.win32_1.0.0.202111181127/tools/bin/../lib/gcc/arm-none-eabi/10.3.1/../../../../arm-none-eabi/lib/thumb/v7e-m+fp/hard\libc_nano.a(lib_a-signal.o)
 .ARM.attributes
                0x0000000000000917       0x34 c:/st/stm32cubeide_1.9.0/stm32cubeide/plugins/com.st.stm32cube.ide.mcu.externaltools.gnu-tools-for-stm32.10.3-2021.10.win32_1.0.0.202111181127/tools/bin/../lib/gcc/arm-none-eabi/10.3.1/../../../../arm-none-eabi/lib/thumb/v7e-m+fp/hard\libc_nano.a(lib_a-signalr.o)
 .ARM.attributes
                0x000000000000094b       0x34 c:/st/stm32cubeide_1.9.0/stm32cubeide/plugins/com.st.stm32cube.ide.mcu.externaltools.gnu-tools-for-stm32.10.3-2021.10.win32_1.0.0.202111181127/tools/bin/../lib/gcc/arm-none-eabi/10.3.1/../../../../arm-none-eabi/lib/thumb/v7e-m+fp/hard\libc_nano.a(lib_a-stdio.o)
 .ARM.attributes
                0x000000000000097f       0x34 c:/st/stm32cubeide_1.9.0/stm32cubeide/plugins/com.st.stm32cube.ide.mcu.externaltools.gnu-tools-for-stm32.10.3-2021.10.win32_1.0.0.202111181127/tools/bin/../lib/gcc/arm-none-eabi/10.3.1/../../../../arm-none-eabi/lib/thumb/v7e-m+fp/hard\libc_nano.a(lib_a-writer.o)
 .ARM.attributes
                0x00000000000009b3       0x34 c:/st/stm32cubeide_1.9.0/stm32cubeide/plugins/com.st.stm32cube.ide.mcu.externaltools.gnu-tools-for-stm32.10.3-2021.10.win32_1.0.0.202111181127/tools/bin/../lib/gcc/arm-none-eabi/10.3.1/../../../../arm-none-eabi/lib/thumb/v7e-m+fp/hard\libc_nano.a(lib_a-closer.o)
 .ARM.attributes
                0x00000000000009e7       0x34 c:/st/stm32cubeide_1.9.0/stm32cubeide/plugins/com.st.stm32cube.ide.mcu.externaltools.gnu-tools-for-stm32.10.3-2021.10.win32_1.0.0.202111181127/tools/bin/../lib/gcc/arm-none-eabi/10.3.1/../../../../arm-none-eabi/lib/thumb/v7e-m+fp/hard\libc_nano.a(lib_a-fstatr.o)
 .ARM.attributes
                0x0000000000000a1b       0x34 c:/st/stm32cubeide_1.9.0/stm32cubeide/plugins/com.st.stm32cube.ide.mcu.externaltools.gnu-tools-for-stm32.10.3-2021.10.win32_1.0.0.202111181127/tools/bin/../lib/gcc/arm-none-eabi/10.3.1/../../../../arm-none-eabi/lib/thumb/v7e-m+fp/hard\libc_nano.a(lib_a-isattyr.o)
 .ARM.attributes
                0x0000000000000a4f       0x34 c:/st/stm32cubeide_1.9.0/stm32cubeide/plugins/com.st.stm32cube.ide.mcu.externaltools.gnu-tools-for-stm32.10.3-2021.10.win32_1.0.0.202111181127/tools/bin/../lib/gcc/arm-none-eabi/10.3.1/../../../../arm-none-eabi/lib/thumb/v7e-m+fp/hard\libc_nano.a(lib_a-lseekr.o)
 .ARM.attributes
                0x0000000000000a83       0x34 c:/st/stm32cubeide_1.9.0/stm32cubeide/plugins/com.st.stm32cube.ide.mcu.externaltools.gnu-tools-for-stm32.10.3-2021.10.win32_1.0.0.202111181127/tools/bin/../lib/gcc/arm-none-eabi/10.3.1/../../../../arm-none-eabi/lib/thumb/v7e-m+fp/hard\libc_nano.a(lib_a-readr.o)
 .ARM.attributes
                0x0000000000000ab7       0x1e c:/st/stm32cubeide_1.9.0/stm32cubeide/plugins/com.st.stm32cube.ide.mcu.externaltools.gnu-tools-for-stm32.10.3-2021.10.win32_1.0.0.202111181127/tools/bin/../lib/gcc/arm-none-eabi/10.3.1/thumb/v7e-m+fp/hard\libgcc.a(_aeabi_uldivmod.o)
 .ARM.attributes
                0x0000000000000ad5       0x34 c:/st/stm32cubeide_1.9.0/stm32cubeide/plugins/com.st.stm32cube.ide.mcu.externaltools.gnu-tools-for-stm32.10.3-2021.10.win32_1.0.0.202111181127/tools/bin/../lib/gcc/arm-none-eabi/10.3.1/thumb/v7e-m+fp/hard\libgcc.a(_udivmoddi4.o)
 .ARM.attributes
                0x0000000000000b09       0x1e c:/st/stm32cubeide_1.9.0/stm32cubeide/plugins/com.st.stm32cube.ide.mcu.externaltools.gnu-tools-for-stm32.10.3-2021.10.win32_1.0.0.202111181127/tools/bin/../lib/gcc/arm-none-eabi/10.3.1/thumb/v7e-m+fp/hard\libgcc.a(_dvmd_tls.o)
 .ARM.attributes
                0x0000000000000b27       0x1e c:/st/stm32cubeide_1.9.0/stm32cubeide/plugins/com.st.stm32cube.ide.mcu.externaltools.gnu-tools-for-stm32.10.3-2021.10.win32_1.0.0.202111181127/tools/bin/../lib/gcc/arm-none-eabi/10.3.1/thumb/v7e-m+fp/hard/crtn.o
OUTPUT(fram.elf elf32-littlearm)
LOAD linker stubs
LOAD c:/st/stm32cubeide_1.9.0/stm32cubeide/plugins/com.st.stm32cube.ide.mcu.externaltools.gnu-tools-for-stm32.10.3-2021.10.win32_1.0.0.202111181127/tools/bin/../lib/gcc/arm-none-eabi/10.3.1/../../../../arm-none-eabi/lib/thumb/v7e-m+fp/hard\libc.a
LOAD c:/st/stm32cubeide_1.9.0/stm32cubeide/plugins/com.st.stm32cube.ide.mcu.externaltools.gnu-tools-for-stm32.10.3-2021.10.win32_1.0.0.202111181127/tools/bin/../lib/gcc/arm-none-eabi/10.3.1/../../../../arm-none-eabi/lib/thumb/v7e-m+fp/hard\libm.a
LOAD c:/st/stm32cubeide_1.9.0/stm32cubeide/plugins/com.st.stm32cube.ide.mcu.externaltools.gnu-tools-for-stm32.10.3-2021.10.win32_1.0.0.202111181127/tools/bin/../lib/gcc/arm-none-eabi/10.3.1/thumb/v7e-m+fp/hard\libgcc.a

.debug_info     0x0000000000000000     0xa9da
 .debug_info    0x0000000000000000      0xca2 ./Core/Src/GFX_BW.o
 .debug_info    0x0000000000000ca2      0xa4d ./Core/Src/adc.o
 .debug_info    0x00000000000016ef      0xa14 ./Core/Src/e_papier.o
 .debug_info    0x0000000000002103      0xaa4 ./Core/Src/fram.o
 .debug_info    0x0000000000002ba7      0x4ba ./Core/Src/gpio.o
 .debug_info    0x0000000000003061     0x10a8 ./Core/Src/main.o
 .debug_info    0x0000000000004109      0xaaf ./Core/Src/spi.o
 .debug_info    0x0000000000004bb8      0x2d4 ./Core/Src/stm32f4xx_hal_msp.o
 .debug_info    0x0000000000004e8c      0x121 ./Core/Src/stm32f4xx_it.o
 .debug_info    0x0000000000004fad      0x6e0 ./Core/Src/syscalls.o
 .debug_info    0x000000000000568d      0x171 ./Core/Src/sysmem.o
 .debug_info    0x00000000000057fe      0x54f ./Core/Src/system_stm32f4xx.o
 .debug_info    0x0000000000005d4d       0x22 ./Core/Startup/startup_stm32f411vetx.o
 .debug_info    0x0000000000005d6f      0x90d ./Drivers/STM32F4xx_HAL_Driver/Src/stm32f4xx_hal.o
 .debug_info    0x000000000000667c      0xd68 ./Drivers/STM32F4xx_HAL_Driver/Src/stm32f4xx_hal_adc.o
 .debug_info    0x00000000000073e4      0xd8b ./Drivers/STM32F4xx_HAL_Driver/Src/stm32f4xx_hal_cortex.o
 .debug_info    0x000000000000816f      0x78e ./Drivers/STM32F4xx_HAL_Driver/Src/stm32f4xx_hal_gpio.o
 .debug_info    0x00000000000088fd      0x98d ./Drivers/STM32F4xx_HAL_Driver/Src/stm32f4xx_hal_rcc.o
 .debug_info    0x000000000000928a     0x1750 ./Drivers/STM32F4xx_HAL_Driver/Src/stm32f4xx_hal_spi.o

.debug_abbrev   0x0000000000000000     0x201a
 .debug_abbrev  0x0000000000000000      0x1bd ./Core/Src/GFX_BW.o
 .debug_abbrev  0x00000000000001bd      0x1e0 ./Core/Src/adc.o
 .debug_abbrev  0x000000000000039d      0x223 ./Core/Src/e_papier.o
 .debug_abbrev  0x00000000000005c0      0x1d7 ./Core/Src/fram.o
 .debug_abbrev  0x0000000000000797      0x146 ./Core/Src/gpio.o
 .debug_abbrev  0x00000000000008dd      0x24b ./Core/Src/main.o
 .debug_abbrev  0x0000000000000b28      0x1e0 ./Core/Src/spi.o
 .debug_abbrev  0x0000000000000d08       0xd4 ./Core/Src/stm32f4xx_hal_msp.o
 .debug_abbrev  0x0000000000000ddc       0x74 ./Core/Src/stm32f4xx_it.o
 .debug_abbrev  0x0000000000000e50      0x1b3 ./Core/Src/syscalls.o
 .debug_abbrev  0x0000000000001003       0xbb ./Core/Src/sysmem.o
 .debug_abbrev  0x00000000000010be      0x116 ./Core/Src/system_stm32f4xx.o
 .debug_abbrev  0x00000000000011d4       0x12 ./Core/Startup/startup_stm32f411vetx.o
 .debug_abbrev  0x00000000000011e6      0x23e ./Drivers/STM32F4xx_HAL_Driver/Src/stm32f4xx_hal.o
 .debug_abbrev  0x0000000000001424      0x204 ./Drivers/STM32F4xx_HAL_Driver/Src/stm32f4xx_hal_adc.o
 .debug_abbrev  0x0000000000001628      0x316 ./Drivers/STM32F4xx_HAL_Driver/Src/stm32f4xx_hal_cortex.o
 .debug_abbrev  0x000000000000193e      0x1c4 ./Drivers/STM32F4xx_HAL_Driver/Src/stm32f4xx_hal_gpio.o
 .debug_abbrev  0x0000000000001b02      0x2aa ./Drivers/STM32F4xx_HAL_Driver/Src/stm32f4xx_hal_rcc.o
 .debug_abbrev  0x0000000000001dac      0x26e ./Drivers/STM32F4xx_HAL_Driver/Src/stm32f4xx_hal_spi.o

.debug_aranges  0x0000000000000000      0x980
 .debug_aranges
                0x0000000000000000       0xc8 ./Core/Src/GFX_BW.o
 .debug_aranges
                0x00000000000000c8       0x30 ./Core/Src/adc.o
 .debug_aranges
                0x00000000000000f8       0x68 ./Core/Src/e_papier.o
 .debug_aranges
                0x0000000000000160       0x60 ./Core/Src/fram.o
 .debug_aranges
                0x00000000000001c0       0x20 ./Core/Src/gpio.o
 .debug_aranges
                0x00000000000001e0       0x30 ./Core/Src/main.o
 .debug_aranges
                0x0000000000000210       0x38 ./Core/Src/spi.o
 .debug_aranges
                0x0000000000000248       0x20 ./Core/Src/stm32f4xx_hal_msp.o
 .debug_aranges
                0x0000000000000268       0x60 ./Core/Src/stm32f4xx_it.o
 .debug_aranges
                0x00000000000002c8       0xa8 ./Core/Src/syscalls.o
 .debug_aranges
                0x0000000000000370       0x20 ./Core/Src/sysmem.o
 .debug_aranges
                0x0000000000000390       0x28 ./Core/Src/system_stm32f4xx.o
 .debug_aranges
                0x00000000000003b8       0x28 ./Core/Startup/startup_stm32f411vetx.o
 .debug_aranges
                0x00000000000003e0       0xf0 ./Drivers/STM32F4xx_HAL_Driver/Src/stm32f4xx_hal.o
 .debug_aranges
                0x00000000000004d0       0xe8 ./Drivers/STM32F4xx_HAL_Driver/Src/stm32f4xx_hal_adc.o
 .debug_aranges
                0x00000000000005b8      0x118 ./Drivers/STM32F4xx_HAL_Driver/Src/stm32f4xx_hal_cortex.o
 .debug_aranges
                0x00000000000006d0       0x58 ./Drivers/STM32F4xx_HAL_Driver/Src/stm32f4xx_hal_gpio.o
 .debug_aranges
                0x0000000000000728       0x88 ./Drivers/STM32F4xx_HAL_Driver/Src/stm32f4xx_hal_rcc.o
 .debug_aranges
                0x00000000000007b0      0x1d0 ./Drivers/STM32F4xx_HAL_Driver/Src/stm32f4xx_hal_spi.o

.debug_ranges   0x0000000000000000      0x858
 .debug_ranges  0x0000000000000000       0xb8 ./Core/Src/GFX_BW.o
 .debug_ranges  0x00000000000000b8       0x20 ./Core/Src/adc.o
 .debug_ranges  0x00000000000000d8       0x58 ./Core/Src/e_papier.o
 .debug_ranges  0x0000000000000130       0x50 ./Core/Src/fram.o
 .debug_ranges  0x0000000000000180       0x10 ./Core/Src/gpio.o
 .debug_ranges  0x0000000000000190       0x20 ./Core/Src/main.o
 .debug_ranges  0x00000000000001b0       0x28 ./Core/Src/spi.o
 .debug_ranges  0x00000000000001d8       0x10 ./Core/Src/stm32f4xx_hal_msp.o
 .debug_ranges  0x00000000000001e8       0x50 ./Core/Src/stm32f4xx_it.o
 .debug_ranges  0x0000000000000238       0x98 ./Core/Src/syscalls.o
 .debug_ranges  0x00000000000002d0       0x10 ./Core/Src/sysmem.o
 .debug_ranges  0x00000000000002e0       0x18 ./Core/Src/system_stm32f4xx.o
 .debug_ranges  0x00000000000002f8       0x20 ./Core/Startup/startup_stm32f411vetx.o
 .debug_ranges  0x0000000000000318       0xe0 ./Drivers/STM32F4xx_HAL_Driver/Src/stm32f4xx_hal.o
 .debug_ranges  0x00000000000003f8       0xd8 ./Drivers/STM32F4xx_HAL_Driver/Src/stm32f4xx_hal_adc.o
 .debug_ranges  0x00000000000004d0      0x108 ./Drivers/STM32F4xx_HAL_Driver/Src/stm32f4xx_hal_cortex.o
 .debug_ranges  0x00000000000005d8       0x48 ./Drivers/STM32F4xx_HAL_Driver/Src/stm32f4xx_hal_gpio.o
 .debug_ranges  0x0000000000000620       0x78 ./Drivers/STM32F4xx_HAL_Driver/Src/stm32f4xx_hal_rcc.o
 .debug_ranges  0x0000000000000698      0x1c0 ./Drivers/STM32F4xx_HAL_Driver/Src/stm32f4xx_hal_spi.o

.debug_macro    0x0000000000000000    0x18499
 .debug_macro   0x0000000000000000      0x2d5 ./Core/Src/GFX_BW.o
 .debug_macro   0x00000000000002d5      0xa78 ./Core/Src/GFX_BW.o
 .debug_macro   0x0000000000000d4d      0x29b ./Core/Src/GFX_BW.o
 .debug_macro   0x0000000000000fe8       0x2e ./Core/Src/GFX_BW.o
 .debug_macro   0x0000000000001016       0x28 ./Core/Src/GFX_BW.o
 .debug_macro   0x000000000000103e       0x22 ./Core/Src/GFX_BW.o
 .debug_macro   0x0000000000001060       0x8e ./Core/Src/GFX_BW.o
 .debug_macro   0x00000000000010ee       0x51 ./Core/Src/GFX_BW.o
 .debug_macro   0x000000000000113f      0x103 ./Core/Src/GFX_BW.o
 .debug_macro   0x0000000000001242       0x6a ./Core/Src/GFX_BW.o
 .debug_macro   0x00000000000012ac      0x1df ./Core/Src/GFX_BW.o
 .debug_macro   0x000000000000148b       0x1c ./Core/Src/GFX_BW.o
 .debug_macro   0x00000000000014a7       0x22 ./Core/Src/GFX_BW.o
 .debug_macro   0x00000000000014c9       0xd9 ./Core/Src/GFX_BW.o
 .debug_macro   0x00000000000015a2     0x102d ./Core/Src/GFX_BW.o
 .debug_macro   0x00000000000025cf      0x11f ./Core/Src/GFX_BW.o
 .debug_macro   0x00000000000026ee     0xb953 ./Core/Src/GFX_BW.o
 .debug_macro   0x000000000000e041       0x6d ./Core/Src/GFX_BW.o
 .debug_macro   0x000000000000e0ae     0x367e ./Core/Src/GFX_BW.o
 .debug_macro   0x000000000001172c      0x174 ./Core/Src/GFX_BW.o
 .debug_macro   0x00000000000118a0       0x5c ./Core/Src/GFX_BW.o
 .debug_macro   0x00000000000118fc      0x447 ./Core/Src/GFX_BW.o
 .debug_macro   0x0000000000011d43      0x9fe ./Core/Src/GFX_BW.o
 .debug_macro   0x0000000000012741      0x115 ./Core/Src/GFX_BW.o
 .debug_macro   0x0000000000012856      0x11b ./Core/Src/GFX_BW.o
 .debug_macro   0x0000000000012971       0xa5 ./Core/Src/GFX_BW.o
 .debug_macro   0x0000000000012a16      0x15f ./Core/Src/GFX_BW.o
 .debug_macro   0x0000000000012b75      0x287 ./Core/Src/GFX_BW.o
 .debug_macro   0x0000000000012dfc       0x5f ./Core/Src/GFX_BW.o
 .debug_macro   0x0000000000012e5b      0x236 ./Core/Src/GFX_BW.o
 .debug_macro   0x0000000000013091      0x9e1 ./Core/Src/GFX_BW.o
 .debug_macro   0x0000000000013a72      0x38b ./Core/Src/GFX_BW.o
 .debug_macro   0x0000000000013dfd      0x17d ./Core/Src/GFX_BW.o
 .debug_macro   0x0000000000013f7a       0xf9 ./Core/Src/GFX_BW.o
 .debug_macro   0x0000000000014073      0x132 ./Core/Src/GFX_BW.o
 .debug_macro   0x00000000000141a5      0x264 ./Core/Src/GFX_BW.o
 .debug_macro   0x0000000000014409       0x2e ./Core/Src/GFX_BW.o
 .debug_macro   0x0000000000014437      0x11a ./Core/Src/GFX_BW.o
 .debug_macro   0x0000000000014551       0x85 ./Core/Src/GFX_BW.o
 .debug_macro   0x00000000000145d6       0x89 ./Core/Src/GFX_BW.o
 .debug_macro   0x000000000001465f      0x225 ./Core/Src/GFX_BW.o
 .debug_macro   0x0000000000014884      0x126 ./Core/Src/GFX_BW.o
 .debug_macro   0x00000000000149aa       0x58 ./Core/Src/GFX_BW.o
 .debug_macro   0x0000000000014a02       0xfa ./Core/Src/GFX_BW.o
 .debug_macro   0x0000000000014afc       0x8e ./Core/Src/GFX_BW.o
 .debug_macro   0x0000000000014b8a       0x1e ./Core/Src/GFX_BW.o
 .debug_macro   0x0000000000014ba8       0x52 ./Core/Src/GFX_BW.o
 .debug_macro   0x0000000000014bfa       0x3c ./Core/Src/GFX_BW.o
 .debug_macro   0x0000000000014c36       0x34 ./Core/Src/GFX_BW.o
 .debug_macro   0x0000000000014c6a       0x16 ./Core/Src/GFX_BW.o
 .debug_macro   0x0000000000014c80       0x35 ./Core/Src/GFX_BW.o
 .debug_macro   0x0000000000014cb5       0x16 ./Core/Src/GFX_BW.o
 .debug_macro   0x0000000000014ccb       0x43 ./Core/Src/GFX_BW.o
 .debug_macro   0x0000000000014d0e       0x34 ./Core/Src/GFX_BW.o
 .debug_macro   0x0000000000014d42       0x10 ./Core/Src/GFX_BW.o
 .debug_macro   0x0000000000014d52       0x58 ./Core/Src/GFX_BW.o
 .debug_macro   0x0000000000014daa       0x71 ./Core/Src/GFX_BW.o
 .debug_macro   0x0000000000014e1b       0x1c ./Core/Src/GFX_BW.o
 .debug_macro   0x0000000000014e37      0x12a ./Core/Src/GFX_BW.o
 .debug_macro   0x0000000000014f61      0x341 ./Core/Src/GFX_BW.o
 .debug_macro   0x00000000000152a2       0x16 ./Core/Src/GFX_BW.o
 .debug_macro   0x00000000000152b8       0x29 ./Core/Src/GFX_BW.o
 .debug_macro   0x00000000000152e1      0x1fb ./Core/Src/adc.o
 .debug_macro   0x00000000000154dc      0x2d6 ./Core/Src/e_papier.o
 .debug_macro   0x00000000000157b2       0x10 ./Core/Src/e_papier.o
 .debug_macro   0x00000000000157c2       0x20 ./Core/Src/e_papier.o
 .debug_macro   0x00000000000157e2      0x212 ./Core/Src/fram.o
 .debug_macro   0x00000000000159f4       0x2e ./Core/Src/fram.o
 .debug_macro   0x0000000000015a22      0x1fb ./Core/Src/gpio.o
 .debug_macro   0x0000000000015c1d      0x3d4 ./Core/Src/main.o
 .debug_macro   0x0000000000015ff1       0x10 ./Core/Src/main.o
 .debug_macro   0x0000000000016001       0x16 ./Core/Src/main.o
 .debug_macro   0x0000000000016017       0x10 ./Core/Src/main.o
 .debug_macro   0x0000000000016027       0x10 ./Core/Src/main.o
 .debug_macro   0x0000000000016037       0x1c ./Core/Src/main.o
 .debug_macro   0x0000000000016053       0x52 ./Core/Src/main.o
 .debug_macro   0x00000000000160a5       0x22 ./Core/Src/main.o
 .debug_macro   0x00000000000160c7       0x10 ./Core/Src/main.o
 .debug_macro   0x00000000000160d7       0x52 ./Core/Src/main.o
 .debug_macro   0x0000000000016129       0xd5 ./Core/Src/main.o
 .debug_macro   0x00000000000161fe       0x1c ./Core/Src/main.o
 .debug_macro   0x000000000001621a       0x3d ./Core/Src/main.o
 .debug_macro   0x0000000000016257       0x16 ./Core/Src/main.o
 .debug_macro   0x000000000001626d      0x145 ./Core/Src/main.o
 .debug_macro   0x00000000000163b2      0x1fb ./Core/Src/spi.o
 .debug_macro   0x00000000000165ad      0x1f1 ./Core/Src/stm32f4xx_hal_msp.o
 .debug_macro   0x000000000001679e      0x1fb ./Core/Src/stm32f4xx_it.o
 .debug_macro   0x0000000000016999      0x24c ./Core/Src/syscalls.o
 .debug_macro   0x0000000000016be5       0x4c ./Core/Src/syscalls.o
 .debug_macro   0x0000000000016c31       0x94 ./Core/Src/syscalls.o
 .debug_macro   0x0000000000016cc5       0x57 ./Core/Src/syscalls.o
 .debug_macro   0x0000000000016d1c       0x10 ./Core/Src/syscalls.o
 .debug_macro   0x0000000000016d2c       0x10 ./Core/Src/syscalls.o
 .debug_macro   0x0000000000016d3c       0x10 ./Core/Src/syscalls.o
 .debug_macro   0x0000000000016d4c       0x35 ./Core/Src/syscalls.o
 .debug_macro   0x0000000000016d81      0x12c ./Core/Src/syscalls.o
 .debug_macro   0x0000000000016ead       0x10 ./Core/Src/syscalls.o
 .debug_macro   0x0000000000016ebd      0x241 ./Core/Src/syscalls.o
 .debug_macro   0x00000000000170fe       0x1c ./Core/Src/syscalls.o
 .debug_macro   0x000000000001711a       0x10 ./Core/Src/syscalls.o
 .debug_macro   0x000000000001712a      0x189 ./Core/Src/syscalls.o
 .debug_macro   0x00000000000172b3       0x16 ./Core/Src/syscalls.o
 .debug_macro   0x00000000000172c9       0xce ./Core/Src/syscalls.o
 .debug_macro   0x0000000000017397       0xff ./Core/Src/sysmem.o
 .debug_macro   0x0000000000017496      0x23b ./Core/Src/sysmem.o
 .debug_macro   0x00000000000176d1      0x1e2 ./Core/Src/system_stm32f4xx.o
 .debug_macro   0x00000000000178b3      0x242 ./Drivers/STM32F4xx_HAL_Driver/Src/stm32f4xx_hal.o
 .debug_macro   0x0000000000017af5      0x1e3 ./Drivers/STM32F4xx_HAL_Driver/Src/stm32f4xx_hal_adc.o
 .debug_macro   0x0000000000017cd8      0x1e2 ./Drivers/STM32F4xx_HAL_Driver/Src/stm32f4xx_hal_cortex.o
 .debug_macro   0x0000000000017eba      0x1e8 ./Drivers/STM32F4xx_HAL_Driver/Src/stm32f4xx_hal_gpio.o
 .debug_macro   0x00000000000180a2      0x206 ./Drivers/STM32F4xx_HAL_Driver/Src/stm32f4xx_hal_rcc.o
 .debug_macro   0x00000000000182a8      0x1f1 ./Drivers/STM32F4xx_HAL_Driver/Src/stm32f4xx_hal_spi.o

.debug_line     0x0000000000000000     0xc0c1
 .debug_line    0x0000000000000000      0xe96 ./Core/Src/GFX_BW.o
 .debug_line    0x0000000000000e96      0x74c ./Core/Src/adc.o
 .debug_line    0x00000000000015e2      0xa6f ./Core/Src/e_papier.o
 .debug_line    0x0000000000002051      0x81e ./Core/Src/fram.o
 .debug_line    0x000000000000286f      0x704 ./Core/Src/gpio.o
 .debug_line    0x0000000000002f73      0xa9c ./Core/Src/main.o
 .debug_line    0x0000000000003a0f      0x7d8 ./Core/Src/spi.o
 .debug_line    0x00000000000041e7      0x6cc ./Core/Src/stm32f4xx_hal_msp.o
 .debug_line    0x00000000000048b3      0x78f ./Core/Src/stm32f4xx_it.o
 .debug_line    0x0000000000005042      0x7ef ./Core/Src/syscalls.o
 .debug_line    0x0000000000005831      0x4e5 ./Core/Src/sysmem.o
 .debug_line    0x0000000000005d16      0x74e ./Core/Src/system_stm32f4xx.o
 .debug_line    0x0000000000006464       0x88 ./Core/Startup/startup_stm32f411vetx.o
 .debug_line    0x00000000000064ec      0x9b4 ./Drivers/STM32F4xx_HAL_Driver/Src/stm32f4xx_hal.o
 .debug_line    0x0000000000006ea0     0x1164 ./Drivers/STM32F4xx_HAL_Driver/Src/stm32f4xx_hal_adc.o
 .debug_line    0x0000000000008004      0xc63 ./Drivers/STM32F4xx_HAL_Driver/Src/stm32f4xx_hal_cortex.o
 .debug_line    0x0000000000008c67      0xaec ./Drivers/STM32F4xx_HAL_Driver/Src/stm32f4xx_hal_gpio.o
 .debug_line    0x0000000000009753      0xd30 ./Drivers/STM32F4xx_HAL_Driver/Src/stm32f4xx_hal_rcc.o
 .debug_line    0x000000000000a483     0x1c3e ./Drivers/STM32F4xx_HAL_Driver/Src/stm32f4xx_hal_spi.o

.debug_str      0x0000000000000000    0x92bed
 .debug_str     0x0000000000000000    0x8dd9d ./Core/Src/GFX_BW.o
                                      0x8e06b (size before relaxing)
 .debug_str     0x000000000008dd9d      0x601 ./Core/Src/adc.o
                                      0x8b022 (size before relaxing)
 .debug_str     0x000000000008e39e      0x3a3 ./Core/Src/e_papier.o
                                      0x8e1cf (size before relaxing)
 .debug_str     0x000000000008e741      0x165 ./Core/Src/fram.o